22:01:34 === Real-Machine Benchmark Suite ===
22:01:34 Repo: /home/aether/Documents/ORCHESTRA-OS-final | allowed CPUs: 0-7 | workload=cpu | Output: /tmp/orchestra-fix-20260828-132302-bench-r4 | duration=1 seconds
22:01:34 Worker watchdog: 15s
22:01:34 --- CFS baseline ---
22:01:34   cfs: 1 workers, 1 seconds/fixed workload...
22:01:34     209ms ctx_delta=2116 accepted=0 dispatched=0 running=0 owned=n/a
22:01:34   cfs: 2 workers, 1 seconds/fixed workload...
22:01:35     210ms ctx_delta=2432 accepted=0 dispatched=0 running=0 owned=n/a
22:01:35   cfs: 4 workers, 1 seconds/fixed workload...
22:01:35     261ms ctx_delta=2578 accepted=0 dispatched=0 running=0 owned=n/a
22:01:35   cfs: 8 workers, 1 seconds/fixed workload...
22:01:35     275ms ctx_delta=1947 accepted=0 dispatched=0 running=0 owned=n/a
22:01:35 scx_simple not installed or not executable: /usr/bin/scx_simple; phase blocked
22:01:35 --- ORCHESTRA ---
22:01:38   orchestra: 1 workers, 1 seconds/fixed workload...
22:01:39     312ms ctx_delta=5083 accepted=1 dispatched=1 running=1 owned=yes
22:01:39   orchestra: 2 workers, 1 seconds/fixed workload...
22:01:39     416ms ctx_delta=7294 accepted=8 dispatched=8 running=8 owned=yes
22:01:39   orchestra: 4 workers, 1 seconds/fixed workload...
22:01:40     471ms ctx_delta=14225 accepted=33 dispatched=33 running=33 owned=yes
22:01:40   orchestra: 8 workers, 1 seconds/fixed workload...
22:01:41     500ms ctx_delta=22822 accepted=161 dispatched=161 running=161 owned=yes
22:01:41 === COMPLETE ===
scheduler,workload,workers,duration_s,elapsed_ms,ctx_delta,accepted,dispatched,running,effective,owned,notes
cfs,cpu,1,1,209,2116,0,0,0,0,n/a,completed
cfs,cpu,2,1,210,2432,0,0,0,0,n/a,completed
cfs,cpu,4,1,261,2578,0,0,0,0,n/a,completed
cfs,cpu,8,1,275,1947,0,0,0,0,n/a,completed
orchestra,cpu,1,1,312,5083,1,1,1,0,yes,completed
orchestra,cpu,2,1,416,7294,8,8,8,0,yes,completed
orchestra,cpu,4,1,471,14225,33,33,33,0,yes,completed
orchestra,cpu,8,1,500,22822,161,161,161,0,yes,completed
Full results: /tmp/orchestra-fix-20260828-132302-bench-r4
rc=0
