CAMPAIGN_STATUS.md: OK
CHECKLIST_STATUS.csv: OK
COMMANDS.log: OK
EXECUTIVE_SUMMARY.md: OK
FINDINGS.md: OK
REAL_WORLD_TEST_REPORT.md: OK
RESULTS.json: OK
TEST_RESULTS.csv: OK
audit/CLAIM_AUDIT.md: OK
audit/current_authority_extract.txt: OK
audit/final_audit.txt: OK
audit/final_git_diff_check.txt: OK
audit/final_source_test.stderr: OK
audit/final_source_test.stdout: OK
audit/final_validation.txt: OK
audit/final_worktree_and_hashes.txt: OK
audit/hashes_and_state.txt: OK
audit/results_json.stderr: OK
audit/results_json_pretty.txt: OK
build/build-manifest.txt: OK
build/exact_kernel_build.stderr: OK
build/exact_kernel_build.stdout: OK
build/exact_kernel_build_v2.stderr: OK
build/exact_kernel_build_v2.stdout: OK
build/target/build-manifest.txt: OK
build/target/build.log: OK
build/target/orchestra_bridge: OK
build/target/orchestra_loader: OK
build/target/orchestra_scx_stage7.bpf.o: OK
distributed/cfs_bytes.txt: OK
distributed/cfs_client.stderr: OK
distributed/cfs_client.stdout: OK
distributed/cfs_retry_bytes.txt: OK
distributed/cfs_retry_client.stderr: OK
distributed/cfs_retry_client.stdout: OK
distributed/cfs_retry_server.bin: OK
distributed/cfs_retry_server.stderr: OK
distributed/cfs_server.bin: OK
distributed/cfs_server.stderr: OK
distributed/lo_after.txt: OK
distributed/lo_before.txt: OK
distributed/loopback_blocked_matrix.txt: OK
distributed/loopback_matrix.txt: OK
distributed/loopback_ownership_matrix.txt: OK
distributed/loopback_retry_matrix.txt: OK
distributed/loopback_retry_orchestra_matrix.txt: OK
distributed/orchestra_blocked_bytes.txt: OK
distributed/orchestra_blocked_client.stderr: OK
distributed/orchestra_blocked_client.stdout: OK
distributed/orchestra_blocked_client_opt_in.stderr: OK
distributed/orchestra_blocked_client_opt_in.stdout: OK
distributed/orchestra_blocked_client_publish.stderr: OK
distributed/orchestra_blocked_client_publish.stdout: OK
distributed/orchestra_blocked_client_status_live.stderr: OK
distributed/orchestra_blocked_client_status_live.txt: OK
distributed/orchestra_blocked_load.stderr: OK
distributed/orchestra_blocked_load.stdout: OK
distributed/orchestra_blocked_server.bin: OK
distributed/orchestra_blocked_server.stderr: OK
distributed/orchestra_blocked_server_opt_in.stderr: OK
distributed/orchestra_blocked_server_opt_in.stdout: OK
distributed/orchestra_blocked_server_publish.stderr: OK
distributed/orchestra_blocked_server_publish.stdout: OK
distributed/orchestra_blocked_server_status_live.stderr: OK
distributed/orchestra_blocked_server_status_live.txt: OK
distributed/orchestra_blocked_unload.stderr: OK
distributed/orchestra_blocked_unload.stdout: OK
distributed/orchestra_bytes.txt: OK
distributed/orchestra_client.stderr: OK
distributed/orchestra_client.stdout: OK
distributed/orchestra_client_opt_in.stderr: OK
distributed/orchestra_client_opt_in.stdout: OK
distributed/orchestra_client_publish.stderr: OK
distributed/orchestra_client_publish.stdout: OK
distributed/orchestra_load.stderr: OK
distributed/orchestra_load.stdout: OK
distributed/orchestra_ownership_bytes.txt: OK
distributed/orchestra_ownership_client.stderr: OK
distributed/orchestra_ownership_client.stdout: OK
distributed/orchestra_ownership_client_opt_in.stderr: OK
distributed/orchestra_ownership_client_opt_in.stdout: OK
distributed/orchestra_ownership_client_ps.txt: OK
distributed/orchestra_ownership_client_publish.stderr: OK
distributed/orchestra_ownership_client_publish.stdout: OK
distributed/orchestra_ownership_client_status_live.stderr: OK
distributed/orchestra_ownership_client_status_live.txt: OK
distributed/orchestra_ownership_load.stderr: OK
distributed/orchestra_ownership_load.stdout: OK
distributed/orchestra_ownership_server.bin: OK
distributed/orchestra_ownership_server.stderr: OK
distributed/orchestra_ownership_server_opt_in.stderr: OK
distributed/orchestra_ownership_server_opt_in.stdout: OK
distributed/orchestra_ownership_server_ps.txt: OK
distributed/orchestra_ownership_server_publish.stderr: OK
distributed/orchestra_ownership_server_publish.stdout: OK
distributed/orchestra_ownership_server_status_live.stderr: OK
distributed/orchestra_ownership_server_status_live.txt: OK
distributed/orchestra_ownership_status.stderr: OK
distributed/orchestra_ownership_status.txt: OK
distributed/orchestra_ownership_unload.stderr: OK
distributed/orchestra_ownership_unload.stdout: OK
distributed/orchestra_retry_bytes.txt: OK
distributed/orchestra_retry_client.stderr: OK
distributed/orchestra_retry_client.stdout: OK
distributed/orchestra_retry_client_opt_in.stderr: OK
distributed/orchestra_retry_client_opt_in.stdout: OK
distributed/orchestra_retry_client_ps.txt: OK
distributed/orchestra_retry_client_publish.stderr: OK
distributed/orchestra_retry_client_publish.stdout: OK
distributed/orchestra_retry_client_status_live.stderr: OK
distributed/orchestra_retry_client_status_live.txt: OK
distributed/orchestra_retry_load.stderr: OK
distributed/orchestra_retry_load.stdout: OK
distributed/orchestra_retry_server.bin: OK
distributed/orchestra_retry_server.stderr: OK
distributed/orchestra_retry_server_opt_in.stderr: OK
distributed/orchestra_retry_server_opt_in.stdout: OK
distributed/orchestra_retry_server_ps.txt: OK
distributed/orchestra_retry_server_publish.stderr: OK
distributed/orchestra_retry_server_publish.stdout: OK
distributed/orchestra_retry_status.stderr: OK
distributed/orchestra_retry_status.txt: OK
distributed/orchestra_retry_unload.stderr: OK
distributed/orchestra_retry_unload.stdout: OK
distributed/orchestra_server.bin: OK
distributed/orchestra_server.stderr: OK
distributed/orchestra_server_opt_in.stderr: OK
distributed/orchestra_server_opt_in.stdout: OK
distributed/orchestra_server_publish.stderr: OK
distributed/orchestra_server_publish.stdout: OK
distributed/orchestra_status.stderr: OK
distributed/orchestra_status.txt: OK
distributed/orchestra_unload.stderr: OK
distributed/orchestra_unload.stdout: OK
integrity/integration_r1.stderr: OK
integrity/integration_r1.stdout: OK
integrity/kernel_dmesg_after.txt: OK
integrity/kernel_dmesg_before.txt: OK
integrity/kernel_load.stderr: OK
integrity/kernel_load.stdout: OK
integrity/kernel_matrix.txt: OK
integrity/kernel_unload.stderr: OK
integrity/kernel_unload.stdout: OK
integrity/microbenchmark-v1/benchmark_result.json: OK
integrity/microbenchmark-v1/build/build_records.json: OK
integrity/microbenchmark-v1/build/compile_generation_stamped.log: OK
integrity/microbenchmark-v1/build/compile_legacy.log: OK
integrity/microbenchmark-v1/build/signal_publication_microbenchmark_generation_stamped: OK
integrity/microbenchmark-v1/build/signal_publication_microbenchmark_legacy: OK
integrity/microbenchmark-v1/processed/invocation_summaries.csv: OK
integrity/microbenchmark-v1/processed/invocation_summaries.json: OK
integrity/microbenchmark-v1/processed/summary.json: OK
integrity/microbenchmark-v1/provenance.json: OK
integrity/microbenchmark-v1/runs/rep_01_readers_1_generation_stamped.json: OK
integrity/microbenchmark-v1/runs/rep_01_readers_1_generation_stamped.stderr.log: OK
integrity/microbenchmark-v1/runs/rep_01_readers_1_generation_stamped.stdout.json: OK
integrity/microbenchmark-v1/runs/rep_01_readers_1_legacy.json: OK
integrity/microbenchmark-v1/runs/rep_01_readers_1_legacy.stderr.log: OK
integrity/microbenchmark-v1/runs/rep_01_readers_1_legacy.stdout.json: OK
integrity/microbenchmark-v1/runs/rep_01_readers_2_generation_stamped.json: OK
integrity/microbenchmark-v1/runs/rep_01_readers_2_generation_stamped.stderr.log: OK
integrity/microbenchmark-v1/runs/rep_01_readers_2_generation_stamped.stdout.json: OK
integrity/microbenchmark-v1/runs/rep_01_readers_2_legacy.json: OK
integrity/microbenchmark-v1/runs/rep_01_readers_2_legacy.stderr.log: OK
integrity/microbenchmark-v1/runs/rep_01_readers_2_legacy.stdout.json: OK
integrity/microbenchmark-v1/runs/rep_01_readers_4_generation_stamped.json: OK
integrity/microbenchmark-v1/runs/rep_01_readers_4_generation_stamped.stderr.log: OK
integrity/microbenchmark-v1/runs/rep_01_readers_4_generation_stamped.stdout.json: OK
integrity/microbenchmark-v1/runs/rep_01_readers_4_legacy.json: OK
integrity/microbenchmark-v1/runs/rep_01_readers_4_legacy.stderr.log: OK
integrity/microbenchmark-v1/runs/rep_01_readers_4_legacy.stdout.json: OK
integrity/microbenchmark-v1/runs/rep_02_readers_1_generation_stamped.json: OK
integrity/microbenchmark-v1/runs/rep_02_readers_1_generation_stamped.stderr.log: OK
integrity/microbenchmark-v1/runs/rep_02_readers_1_generation_stamped.stdout.json: OK
integrity/microbenchmark-v1/runs/rep_02_readers_1_legacy.json: OK
integrity/microbenchmark-v1/runs/rep_02_readers_1_legacy.stderr.log: OK
integrity/microbenchmark-v1/runs/rep_02_readers_1_legacy.stdout.json: OK
integrity/microbenchmark-v1/runs/rep_02_readers_2_generation_stamped.json: OK
integrity/microbenchmark-v1/runs/rep_02_readers_2_generation_stamped.stderr.log: OK
integrity/microbenchmark-v1/runs/rep_02_readers_2_generation_stamped.stdout.json: OK
integrity/microbenchmark-v1/runs/rep_02_readers_2_legacy.json: OK
integrity/microbenchmark-v1/runs/rep_02_readers_2_legacy.stderr.log: OK
integrity/microbenchmark-v1/runs/rep_02_readers_2_legacy.stdout.json: OK
integrity/microbenchmark-v1/runs/rep_02_readers_4_generation_stamped.json: OK
integrity/microbenchmark-v1/runs/rep_02_readers_4_generation_stamped.stderr.log: OK
integrity/microbenchmark-v1/runs/rep_02_readers_4_generation_stamped.stdout.json: OK
integrity/microbenchmark-v1/runs/rep_02_readers_4_legacy.json: OK
integrity/microbenchmark-v1/runs/rep_02_readers_4_legacy.stderr.log: OK
integrity/microbenchmark-v1/runs/rep_02_readers_4_legacy.stdout.json: OK
integrity/signal_invalid_field.stderr: OK
integrity/signal_invalid_field.stdout: OK
integrity/signal_opt_in.stderr: OK
integrity/signal_opt_in.stdout: OK
integrity/signal_replay.stderr: OK
integrity/signal_replay.stdout: OK
integrity/signal_require_valid.stderr: OK
integrity/signal_require_valid.stdout: OK
integrity/signal_stale_publish.stderr: OK
integrity/signal_stale_publish.stdout: OK
integrity/signal_status_stale.stderr: OK
integrity/signal_status_stale.txt: OK
integrity/signal_status_valid.stderr: OK
integrity/signal_status_valid.txt: OK
integrity/signal_target.stderr: OK
integrity/signal_target.stdout: OK
integrity/signal_valid.stderr: OK
integrity/signal_valid.stdout: OK
integrity/stale_opt_in.stderr: OK
integrity/stale_opt_in.stdout: OK
integrity/stale_require.stderr: OK
integrity/stale_require.stdout: OK
integrity/stale_target.stderr: OK
integrity/stale_target.stdout: OK
integrity/userspace-r1/baseline.csv: OK
integrity/userspace-r1/baseline.log: OK
integrity/userspace-r1/controller-tamper.csv: OK
integrity/userspace-r1/controller-tamper.log: OK
integrity/userspace-r1/invalid.csv: OK
integrity/userspace-r1/invalid.log: OK
integrity/userspace-r1/orchestra.csv: OK
integrity/userspace-r1/orchestra.log: OK
integrity/userspace-r1/signal-stop.csv: OK
integrity/userspace-r1/signal-stop.log: OK
integrity/userspace-r1/tamper.csv: OK
integrity/userspace-r1/tamper.log: OK
longrun/bpffs_after.txt: OK
longrun/bpffs_before.txt: OK
longrun/dmesg_after.txt: OK
longrun/dmesg_before.txt: OK
longrun/lifecycle.txt: OK
longrun/load.stderr: OK
longrun/load.stdout: OK
longrun/orchestra-600/dmesg_after.txt: OK
longrun/orchestra-600/dmesg_before.txt: OK
longrun/orchestra-600/ownership-cpu.log: OK
longrun/orchestra-600/ownership-io.log: OK
longrun/orchestra-600/ownership-mixed.log: OK
longrun/orchestra-600/results.csv: OK
longrun/orchestra-600/storage_after.txt: OK
longrun/orchestra-600/storage_before.txt: OK
longrun/orchestra-600/stress.log: OK
longrun/orchestra-600/thermal_after.txt: OK
longrun/orchestra-600/thermal_before.txt: OK
longrun/orchestra-600/thermal_samples.csv: OK
longrun/stress_orchestra_600.stderr: OK
longrun/stress_orchestra_600.stdout: OK
longrun/unload.stderr: OK
longrun/unload.stdout: OK
numa/load.stderr: OK
numa/load.stdout: OK
numa/migration_affinity.txt: OK
numa/migration_load.stderr: OK
numa/migration_load.stdout: OK
numa/migration_matrix.txt: OK
numa/migration_opt_in.stderr: OK
numa/migration_opt_in.stdout: OK
numa/migration_request.stderr: OK
numa/migration_request.stdout: OK
numa/migration_run.stderr: OK
numa/migration_run.stdout: OK
numa/migration_status.stderr: OK
numa/migration_status.txt: OK
numa/migration_unload.stderr: OK
numa/migration_unload.stdout: OK
numa/migration_worker.stderr: OK
numa/migration_worker.stdout: OK
numa/opt_in.stderr: OK
numa/opt_in.stdout: OK
numa/publish_migrate.stderr: OK
numa/publish_migrate.stdout: OK
numa/publish_run.stderr: OK
numa/publish_run.stdout: OK
numa/status.stderr: OK
numa/status.txt: OK
numa/taskset_after.txt: OK
numa/topology.txt: OK
numa/unload.stderr: OK
numa/unload.stdout: OK
numa/worker.stderr: OK
numa/worker.stdout: OK
numactl_hardware.txt: OK
performance/benchmark-m1/bench.log: OK
performance/benchmark-m1/orchestra_load.log: OK
performance/benchmark-m1/orchestra_unload.log: OK
performance/benchmark-m1/results.csv: OK
performance/benchmark-m1/run-20260828-223510-cfs-1/release: OK
performance/benchmark-m1/run-20260828-223510-cfs-1/worker-1.stderr: OK
performance/benchmark-m1/run-20260828-223510-cfs-1/worker-1.stdout: OK
performance/benchmark-m1/run-20260828-223510-cfs-1/worker_status.log: OK
performance/benchmark-m1/run-20260828-223512-cfs-2/release: OK
performance/benchmark-m1/run-20260828-223512-cfs-2/worker-1.stderr: OK
performance/benchmark-m1/run-20260828-223512-cfs-2/worker-1.stdout: OK
performance/benchmark-m1/run-20260828-223512-cfs-2/worker-2.stderr: OK
performance/benchmark-m1/run-20260828-223512-cfs-2/worker-2.stdout: OK
performance/benchmark-m1/run-20260828-223512-cfs-2/worker_status.log: OK
performance/benchmark-m1/run-20260828-223514-cfs-4/release: OK
performance/benchmark-m1/run-20260828-223514-cfs-4/worker-1.stderr: OK
performance/benchmark-m1/run-20260828-223514-cfs-4/worker-1.stdout: OK
performance/benchmark-m1/run-20260828-223514-cfs-4/worker-2.stderr: OK
performance/benchmark-m1/run-20260828-223514-cfs-4/worker-2.stdout: OK
performance/benchmark-m1/run-20260828-223514-cfs-4/worker-3.stderr: OK
performance/benchmark-m1/run-20260828-223514-cfs-4/worker-3.stdout: OK
performance/benchmark-m1/run-20260828-223514-cfs-4/worker-4.stderr: OK
performance/benchmark-m1/run-20260828-223514-cfs-4/worker-4.stdout: OK
performance/benchmark-m1/run-20260828-223514-cfs-4/worker_status.log: OK
performance/benchmark-m1/run-20260828-223520-orchestra-1/opt-in-3276145.log: OK
performance/benchmark-m1/run-20260828-223520-orchestra-1/ownership.log: OK
performance/benchmark-m1/run-20260828-223520-orchestra-1/publish-3276145.log: OK
performance/benchmark-m1/run-20260828-223520-orchestra-1/release: OK
performance/benchmark-m1/run-20260828-223520-orchestra-1/worker-1.stderr: OK
performance/benchmark-m1/run-20260828-223520-orchestra-1/worker-1.stdout: OK
performance/benchmark-m1/run-20260828-223520-orchestra-1/worker_status.log: OK
performance/benchmark-m1/run-20260828-223522-orchestra-2/opt-in-3276365.log: OK
performance/benchmark-m1/run-20260828-223522-orchestra-2/opt-in-3276366.log: OK
performance/benchmark-m1/run-20260828-223522-orchestra-2/ownership.log: OK
performance/benchmark-m1/run-20260828-223522-orchestra-2/publish-3276365.log: OK
performance/benchmark-m1/run-20260828-223522-orchestra-2/publish-3276366.log: OK
performance/benchmark-m1/run-20260828-223522-orchestra-2/release: OK
performance/benchmark-m1/run-20260828-223522-orchestra-2/worker-1.stderr: OK
performance/benchmark-m1/run-20260828-223522-orchestra-2/worker-1.stdout: OK
performance/benchmark-m1/run-20260828-223522-orchestra-2/worker-2.stderr: OK
performance/benchmark-m1/run-20260828-223522-orchestra-2/worker-2.stdout: OK
performance/benchmark-m1/run-20260828-223522-orchestra-2/worker_status.log: OK
performance/benchmark-m1/run-20260828-223524-orchestra-4/opt-in-3276613.log: OK
performance/benchmark-m1/run-20260828-223524-orchestra-4/opt-in-3276614.log: OK
performance/benchmark-m1/run-20260828-223524-orchestra-4/opt-in-3276615.log: OK
performance/benchmark-m1/run-20260828-223524-orchestra-4/opt-in-3276616.log: OK
performance/benchmark-m1/run-20260828-223524-orchestra-4/ownership.log: OK
performance/benchmark-m1/run-20260828-223524-orchestra-4/publish-3276613.log: OK
performance/benchmark-m1/run-20260828-223524-orchestra-4/publish-3276614.log: OK
performance/benchmark-m1/run-20260828-223524-orchestra-4/publish-3276615.log: OK
performance/benchmark-m1/run-20260828-223524-orchestra-4/publish-3276616.log: OK
performance/benchmark-m1/run-20260828-223524-orchestra-4/release: OK
performance/benchmark-m1/run-20260828-223524-orchestra-4/worker-1.stderr: OK
performance/benchmark-m1/run-20260828-223524-orchestra-4/worker-1.stdout: OK
performance/benchmark-m1/run-20260828-223524-orchestra-4/worker-2.stderr: OK
performance/benchmark-m1/run-20260828-223524-orchestra-4/worker-2.stdout: OK
performance/benchmark-m1/run-20260828-223524-orchestra-4/worker-3.stderr: OK
performance/benchmark-m1/run-20260828-223524-orchestra-4/worker-3.stdout: OK
performance/benchmark-m1/run-20260828-223524-orchestra-4/worker-4.stderr: OK
performance/benchmark-m1/run-20260828-223524-orchestra-4/worker-4.stdout: OK
performance/benchmark-m1/run-20260828-223524-orchestra-4/worker_status.log: OK
performance/benchmark-m1/storage_after.txt: OK
performance/benchmark-m1/storage_before.txt: OK
performance/benchmark-m2/bench.log: OK
performance/benchmark-m2/orchestra_load.log: OK
performance/benchmark-m2/orchestra_unload.log: OK
performance/benchmark-m2/results.csv: OK
performance/benchmark-m2/run-20260828-223532-cfs-1/release: OK
performance/benchmark-m2/run-20260828-223532-cfs-1/worker-1.stderr: OK
performance/benchmark-m2/run-20260828-223532-cfs-1/worker-1.stdout: OK
performance/benchmark-m2/run-20260828-223532-cfs-1/worker_status.log: OK
performance/benchmark-m2/run-20260828-223534-cfs-2/release: OK
performance/benchmark-m2/run-20260828-223534-cfs-2/worker-1.stderr: OK
performance/benchmark-m2/run-20260828-223534-cfs-2/worker-1.stdout: OK
performance/benchmark-m2/run-20260828-223534-cfs-2/worker-2.stderr: OK
performance/benchmark-m2/run-20260828-223534-cfs-2/worker-2.stdout: OK
performance/benchmark-m2/run-20260828-223534-cfs-2/worker_status.log: OK
performance/benchmark-m2/run-20260828-223536-cfs-4/release: OK
performance/benchmark-m2/run-20260828-223536-cfs-4/worker-1.stderr: OK
performance/benchmark-m2/run-20260828-223536-cfs-4/worker-1.stdout: OK
performance/benchmark-m2/run-20260828-223536-cfs-4/worker-2.stderr: OK
performance/benchmark-m2/run-20260828-223536-cfs-4/worker-2.stdout: OK
performance/benchmark-m2/run-20260828-223536-cfs-4/worker-3.stderr: OK
performance/benchmark-m2/run-20260828-223536-cfs-4/worker-3.stdout: OK
performance/benchmark-m2/run-20260828-223536-cfs-4/worker-4.stderr: OK
performance/benchmark-m2/run-20260828-223536-cfs-4/worker-4.stdout: OK
performance/benchmark-m2/run-20260828-223536-cfs-4/worker_status.log: OK
performance/benchmark-m2/run-20260828-223540-orchestra-1/opt-in-3278056.log: OK
performance/benchmark-m2/run-20260828-223540-orchestra-1/ownership.log: OK
performance/benchmark-m2/run-20260828-223540-orchestra-1/publish-3278056.log: OK
performance/benchmark-m2/run-20260828-223540-orchestra-1/release: OK
performance/benchmark-m2/run-20260828-223540-orchestra-1/worker-1.stderr: OK
performance/benchmark-m2/run-20260828-223540-orchestra-1/worker-1.stdout: OK
performance/benchmark-m2/run-20260828-223540-orchestra-1/worker_status.log: OK
performance/benchmark-m2/run-20260828-223542-orchestra-2/opt-in-3278223.log: OK
performance/benchmark-m2/run-20260828-223542-orchestra-2/opt-in-3278224.log: OK
performance/benchmark-m2/run-20260828-223542-orchestra-2/ownership.log: OK
performance/benchmark-m2/run-20260828-223542-orchestra-2/publish-3278223.log: OK
performance/benchmark-m2/run-20260828-223542-orchestra-2/publish-3278224.log: OK
performance/benchmark-m2/run-20260828-223542-orchestra-2/release: OK
performance/benchmark-m2/run-20260828-223542-orchestra-2/worker-1.stderr: OK
performance/benchmark-m2/run-20260828-223542-orchestra-2/worker-1.stdout: OK
performance/benchmark-m2/run-20260828-223542-orchestra-2/worker-2.stderr: OK
performance/benchmark-m2/run-20260828-223542-orchestra-2/worker-2.stdout: OK
performance/benchmark-m2/run-20260828-223542-orchestra-2/worker_status.log: OK
performance/benchmark-m2/run-20260828-223544-orchestra-4/opt-in-3278473.log: OK
performance/benchmark-m2/run-20260828-223544-orchestra-4/opt-in-3278474.log: OK
performance/benchmark-m2/run-20260828-223544-orchestra-4/opt-in-3278475.log: OK
performance/benchmark-m2/run-20260828-223544-orchestra-4/opt-in-3278476.log: OK
performance/benchmark-m2/run-20260828-223544-orchestra-4/ownership.log: OK
performance/benchmark-m2/run-20260828-223544-orchestra-4/publish-3278473.log: OK
performance/benchmark-m2/run-20260828-223544-orchestra-4/publish-3278474.log: OK
performance/benchmark-m2/run-20260828-223544-orchestra-4/publish-3278475.log: OK
performance/benchmark-m2/run-20260828-223544-orchestra-4/publish-3278476.log: OK
performance/benchmark-m2/run-20260828-223544-orchestra-4/release: OK
performance/benchmark-m2/run-20260828-223544-orchestra-4/worker-1.stderr: OK
performance/benchmark-m2/run-20260828-223544-orchestra-4/worker-1.stdout: OK
performance/benchmark-m2/run-20260828-223544-orchestra-4/worker-2.stderr: OK
performance/benchmark-m2/run-20260828-223544-orchestra-4/worker-2.stdout: OK
performance/benchmark-m2/run-20260828-223544-orchestra-4/worker-3.stderr: OK
performance/benchmark-m2/run-20260828-223544-orchestra-4/worker-3.stdout: OK
performance/benchmark-m2/run-20260828-223544-orchestra-4/worker-4.stderr: OK
performance/benchmark-m2/run-20260828-223544-orchestra-4/worker-4.stdout: OK
performance/benchmark-m2/run-20260828-223544-orchestra-4/worker_status.log: OK
performance/benchmark-m2/storage_after.txt: OK
performance/benchmark-m2/storage_before.txt: OK
performance/benchmark-m3/bench.log: OK
performance/benchmark-m3/orchestra_load.log: OK
performance/benchmark-m3/orchestra_unload.log: OK
performance/benchmark-m3/results.csv: OK
performance/benchmark-m3/run-20260828-223552-cfs-1/release: OK
performance/benchmark-m3/run-20260828-223552-cfs-1/worker-1.stderr: OK
performance/benchmark-m3/run-20260828-223552-cfs-1/worker-1.stdout: OK
performance/benchmark-m3/run-20260828-223552-cfs-1/worker_status.log: OK
performance/benchmark-m3/run-20260828-223554-cfs-2/release: OK
performance/benchmark-m3/run-20260828-223554-cfs-2/worker-1.stderr: OK
performance/benchmark-m3/run-20260828-223554-cfs-2/worker-1.stdout: OK
performance/benchmark-m3/run-20260828-223554-cfs-2/worker-2.stderr: OK
performance/benchmark-m3/run-20260828-223554-cfs-2/worker-2.stdout: OK
performance/benchmark-m3/run-20260828-223554-cfs-2/worker_status.log: OK
performance/benchmark-m3/run-20260828-223556-cfs-4/release: OK
performance/benchmark-m3/run-20260828-223556-cfs-4/worker-1.stderr: OK
performance/benchmark-m3/run-20260828-223556-cfs-4/worker-1.stdout: OK
performance/benchmark-m3/run-20260828-223556-cfs-4/worker-2.stderr: OK
performance/benchmark-m3/run-20260828-223556-cfs-4/worker-2.stdout: OK
performance/benchmark-m3/run-20260828-223556-cfs-4/worker-3.stderr: OK
performance/benchmark-m3/run-20260828-223556-cfs-4/worker-3.stdout: OK
performance/benchmark-m3/run-20260828-223556-cfs-4/worker-4.stderr: OK
performance/benchmark-m3/run-20260828-223556-cfs-4/worker-4.stdout: OK
performance/benchmark-m3/run-20260828-223556-cfs-4/worker_status.log: OK
performance/benchmark-m3/run-20260828-223601-orchestra-1/opt-in-3279937.log: OK
performance/benchmark-m3/run-20260828-223601-orchestra-1/ownership.log: OK
performance/benchmark-m3/run-20260828-223601-orchestra-1/publish-3279937.log: OK
performance/benchmark-m3/run-20260828-223601-orchestra-1/release: OK
performance/benchmark-m3/run-20260828-223601-orchestra-1/worker-1.stderr: OK
performance/benchmark-m3/run-20260828-223601-orchestra-1/worker-1.stdout: OK
performance/benchmark-m3/run-20260828-223601-orchestra-1/worker_status.log: OK
performance/benchmark-m3/run-20260828-223603-orchestra-2/opt-in-3280116.log: OK
performance/benchmark-m3/run-20260828-223603-orchestra-2/opt-in-3280117.log: OK
performance/benchmark-m3/run-20260828-223603-orchestra-2/ownership.log: OK
performance/benchmark-m3/run-20260828-223603-orchestra-2/publish-3280116.log: OK
performance/benchmark-m3/run-20260828-223603-orchestra-2/publish-3280117.log: OK
performance/benchmark-m3/run-20260828-223603-orchestra-2/release: OK
performance/benchmark-m3/run-20260828-223603-orchestra-2/worker-1.stderr: OK
performance/benchmark-m3/run-20260828-223603-orchestra-2/worker-1.stdout: OK
performance/benchmark-m3/run-20260828-223603-orchestra-2/worker-2.stderr: OK
performance/benchmark-m3/run-20260828-223603-orchestra-2/worker-2.stdout: OK
performance/benchmark-m3/run-20260828-223603-orchestra-2/worker_status.log: OK
performance/benchmark-m3/run-20260828-223605-orchestra-4/opt-in-3280394.log: OK
performance/benchmark-m3/run-20260828-223605-orchestra-4/opt-in-3280395.log: OK
performance/benchmark-m3/run-20260828-223605-orchestra-4/opt-in-3280396.log: OK
performance/benchmark-m3/run-20260828-223605-orchestra-4/opt-in-3280397.log: OK
performance/benchmark-m3/run-20260828-223605-orchestra-4/ownership.log: OK
performance/benchmark-m3/run-20260828-223605-orchestra-4/publish-3280394.log: OK
performance/benchmark-m3/run-20260828-223605-orchestra-4/publish-3280395.log: OK
performance/benchmark-m3/run-20260828-223605-orchestra-4/publish-3280396.log: OK
performance/benchmark-m3/run-20260828-223605-orchestra-4/publish-3280397.log: OK
performance/benchmark-m3/run-20260828-223605-orchestra-4/release: OK
performance/benchmark-m3/run-20260828-223605-orchestra-4/worker-1.stderr: OK
performance/benchmark-m3/run-20260828-223605-orchestra-4/worker-1.stdout: OK
performance/benchmark-m3/run-20260828-223605-orchestra-4/worker-2.stderr: OK
performance/benchmark-m3/run-20260828-223605-orchestra-4/worker-2.stdout: OK
performance/benchmark-m3/run-20260828-223605-orchestra-4/worker-3.stderr: OK
performance/benchmark-m3/run-20260828-223605-orchestra-4/worker-3.stdout: OK
performance/benchmark-m3/run-20260828-223605-orchestra-4/worker-4.stderr: OK
performance/benchmark-m3/run-20260828-223605-orchestra-4/worker-4.stdout: OK
performance/benchmark-m3/run-20260828-223605-orchestra-4/worker_status.log: OK
performance/benchmark-m3/storage_after.txt: OK
performance/benchmark-m3/storage_before.txt: OK
performance/benchmark-r1/bench.log: OK
performance/benchmark-r1/orchestra_load.log: OK
performance/benchmark-r1/orchestra_unload.log: OK
performance/benchmark-r1/results.csv: OK
performance/benchmark-r1/run-20260828-214934-cfs-1/release: OK
performance/benchmark-r1/run-20260828-214934-cfs-1/worker-1.stderr: OK
performance/benchmark-r1/run-20260828-214934-cfs-1/worker-1.stdout: OK
performance/benchmark-r1/run-20260828-214934-cfs-1/worker_status.log: OK
performance/benchmark-r1/run-20260828-214942-cfs-2/release: OK
performance/benchmark-r1/run-20260828-214942-cfs-2/worker-1.stderr: OK
performance/benchmark-r1/run-20260828-214942-cfs-2/worker-1.stdout: OK
performance/benchmark-r1/run-20260828-214942-cfs-2/worker-2.stderr: OK
performance/benchmark-r1/run-20260828-214942-cfs-2/worker-2.stdout: OK
performance/benchmark-r1/run-20260828-214942-cfs-2/worker_status.log: OK
performance/benchmark-r1/run-20260828-214950-cfs-4/release: OK
performance/benchmark-r1/run-20260828-214950-cfs-4/worker-1.stderr: OK
performance/benchmark-r1/run-20260828-214950-cfs-4/worker-1.stdout: OK
performance/benchmark-r1/run-20260828-214950-cfs-4/worker-2.stderr: OK
performance/benchmark-r1/run-20260828-214950-cfs-4/worker-2.stdout: OK
performance/benchmark-r1/run-20260828-214950-cfs-4/worker-3.stderr: OK
performance/benchmark-r1/run-20260828-214950-cfs-4/worker-3.stdout: OK
performance/benchmark-r1/run-20260828-214950-cfs-4/worker-4.stderr: OK
performance/benchmark-r1/run-20260828-214950-cfs-4/worker-4.stdout: OK
performance/benchmark-r1/run-20260828-214950-cfs-4/worker_status.log: OK
performance/benchmark-r1/run-20260828-215003-orchestra-1/opt-in-1876702.log: OK
performance/benchmark-r1/run-20260828-215003-orchestra-1/ownership.log: OK
performance/benchmark-r1/run-20260828-215003-orchestra-1/publish-1876702.log: OK
performance/benchmark-r1/run-20260828-215003-orchestra-1/release: OK
performance/benchmark-r1/run-20260828-215003-orchestra-1/worker-1.stderr: OK
performance/benchmark-r1/run-20260828-215003-orchestra-1/worker-1.stdout: OK
performance/benchmark-r1/run-20260828-215003-orchestra-1/worker_status.log: OK
performance/benchmark-r1/run-20260828-215011-orchestra-2/opt-in-1881927.log: OK
performance/benchmark-r1/run-20260828-215011-orchestra-2/opt-in-1881928.log: OK
performance/benchmark-r1/run-20260828-215011-orchestra-2/ownership.log: OK
performance/benchmark-r1/run-20260828-215011-orchestra-2/publish-1881927.log: OK
performance/benchmark-r1/run-20260828-215011-orchestra-2/publish-1881928.log: OK
performance/benchmark-r1/run-20260828-215011-orchestra-2/release: OK
performance/benchmark-r1/run-20260828-215011-orchestra-2/worker-1.stderr: OK
performance/benchmark-r1/run-20260828-215011-orchestra-2/worker-1.stdout: OK
performance/benchmark-r1/run-20260828-215011-orchestra-2/worker-2.stderr: OK
performance/benchmark-r1/run-20260828-215011-orchestra-2/worker-2.stdout: OK
performance/benchmark-r1/run-20260828-215011-orchestra-2/worker_status.log: OK
performance/benchmark-r1/run-20260828-215019-orchestra-4/opt-in-1890972.log: OK
performance/benchmark-r1/run-20260828-215019-orchestra-4/opt-in-1890973.log: OK
performance/benchmark-r1/run-20260828-215019-orchestra-4/opt-in-1890974.log: OK
performance/benchmark-r1/run-20260828-215019-orchestra-4/opt-in-1890975.log: OK
performance/benchmark-r1/run-20260828-215019-orchestra-4/ownership.log: OK
performance/benchmark-r1/run-20260828-215019-orchestra-4/publish-1890972.log: OK
performance/benchmark-r1/run-20260828-215019-orchestra-4/publish-1890973.log: OK
performance/benchmark-r1/run-20260828-215019-orchestra-4/publish-1890974.log: OK
performance/benchmark-r1/run-20260828-215019-orchestra-4/publish-1890975.log: OK
performance/benchmark-r1/run-20260828-215019-orchestra-4/release: OK
performance/benchmark-r1/run-20260828-215019-orchestra-4/worker-1.stderr: OK
performance/benchmark-r1/run-20260828-215019-orchestra-4/worker-1.stdout: OK
performance/benchmark-r1/run-20260828-215019-orchestra-4/worker-2.stderr: OK
performance/benchmark-r1/run-20260828-215019-orchestra-4/worker-2.stdout: OK
performance/benchmark-r1/run-20260828-215019-orchestra-4/worker-3.stderr: OK
performance/benchmark-r1/run-20260828-215019-orchestra-4/worker-3.stdout: OK
performance/benchmark-r1/run-20260828-215019-orchestra-4/worker-4.stderr: OK
performance/benchmark-r1/run-20260828-215019-orchestra-4/worker-4.stdout: OK
performance/benchmark-r1/run-20260828-215019-orchestra-4/worker_status.log: OK
performance/benchmark-r1/storage_after.txt: OK
performance/benchmark-r1/storage_before.txt: OK
performance/benchmark-r2/bench.log: OK
performance/benchmark-r2/orchestra_load.log: OK
performance/benchmark-r2/orchestra_unload.log: OK
performance/benchmark-r2/results.csv: OK
performance/benchmark-r2/run-20260828-215103-cfs-1/release: OK
performance/benchmark-r2/run-20260828-215103-cfs-1/worker-1.stderr: OK
performance/benchmark-r2/run-20260828-215103-cfs-1/worker-1.stdout: OK
performance/benchmark-r2/run-20260828-215103-cfs-1/worker_status.log: OK
performance/benchmark-r2/run-20260828-215103-cfs-2/release: OK
performance/benchmark-r2/run-20260828-215103-cfs-2/worker-1.stderr: OK
performance/benchmark-r2/run-20260828-215103-cfs-2/worker-1.stdout: OK
performance/benchmark-r2/run-20260828-215103-cfs-2/worker-2.stderr: OK
performance/benchmark-r2/run-20260828-215103-cfs-2/worker-2.stdout: OK
performance/benchmark-r2/run-20260828-215103-cfs-2/worker_status.log: OK
performance/benchmark-r2/run-20260828-215104-cfs-4/release: OK
performance/benchmark-r2/run-20260828-215104-cfs-4/worker-1.stderr: OK
performance/benchmark-r2/run-20260828-215104-cfs-4/worker-1.stdout: OK
performance/benchmark-r2/run-20260828-215104-cfs-4/worker-2.stderr: OK
performance/benchmark-r2/run-20260828-215104-cfs-4/worker-2.stdout: OK
performance/benchmark-r2/run-20260828-215104-cfs-4/worker-3.stderr: OK
performance/benchmark-r2/run-20260828-215104-cfs-4/worker-3.stdout: OK
performance/benchmark-r2/run-20260828-215104-cfs-4/worker-4.stderr: OK
performance/benchmark-r2/run-20260828-215104-cfs-4/worker-4.stdout: OK
performance/benchmark-r2/run-20260828-215104-cfs-4/worker_status.log: OK
performance/benchmark-r2/run-20260828-215104-cfs-8/release: OK
performance/benchmark-r2/run-20260828-215104-cfs-8/worker-1.stderr: OK
performance/benchmark-r2/run-20260828-215104-cfs-8/worker-1.stdout: OK
performance/benchmark-r2/run-20260828-215104-cfs-8/worker-2.stderr: OK
performance/benchmark-r2/run-20260828-215104-cfs-8/worker-2.stdout: OK
performance/benchmark-r2/run-20260828-215104-cfs-8/worker-3.stderr: OK
performance/benchmark-r2/run-20260828-215104-cfs-8/worker-3.stdout: OK
performance/benchmark-r2/run-20260828-215104-cfs-8/worker-4.stderr: OK
performance/benchmark-r2/run-20260828-215104-cfs-8/worker-4.stdout: OK
performance/benchmark-r2/run-20260828-215104-cfs-8/worker-5.stderr: OK
performance/benchmark-r2/run-20260828-215104-cfs-8/worker-5.stdout: OK
performance/benchmark-r2/run-20260828-215104-cfs-8/worker-6.stderr: OK
performance/benchmark-r2/run-20260828-215104-cfs-8/worker-6.stdout: OK
performance/benchmark-r2/run-20260828-215104-cfs-8/worker-7.stderr: OK
performance/benchmark-r2/run-20260828-215104-cfs-8/worker-7.stdout: OK
performance/benchmark-r2/run-20260828-215104-cfs-8/worker-8.stderr: OK
performance/benchmark-r2/run-20260828-215104-cfs-8/worker-8.stdout: OK
performance/benchmark-r2/run-20260828-215104-cfs-8/worker_status.log: OK
performance/benchmark-r2/run-20260828-215107-orchestra-1/opt-in-1903337.log: OK
performance/benchmark-r2/run-20260828-215107-orchestra-1/ownership.log: OK
performance/benchmark-r2/run-20260828-215107-orchestra-1/publish-1903337.log: OK
performance/benchmark-r2/run-20260828-215107-orchestra-1/release: OK
performance/benchmark-r2/run-20260828-215107-orchestra-1/worker-1.stderr: OK
performance/benchmark-r2/run-20260828-215107-orchestra-1/worker-1.stdout: OK
performance/benchmark-r2/run-20260828-215107-orchestra-1/worker_status.log: OK
performance/benchmark-r2/run-20260828-215108-orchestra-2/opt-in-1903403.log: OK
performance/benchmark-r2/run-20260828-215108-orchestra-2/opt-in-1903405.log: OK
performance/benchmark-r2/run-20260828-215108-orchestra-2/ownership.log: OK
performance/benchmark-r2/run-20260828-215108-orchestra-2/publish-1903403.log: OK
performance/benchmark-r2/run-20260828-215108-orchestra-2/publish-1903405.log: OK
performance/benchmark-r2/run-20260828-215108-orchestra-2/release: OK
performance/benchmark-r2/run-20260828-215108-orchestra-2/worker-1.stderr: OK
performance/benchmark-r2/run-20260828-215108-orchestra-2/worker-1.stdout: OK
performance/benchmark-r2/run-20260828-215108-orchestra-2/worker-2.stderr: OK
performance/benchmark-r2/run-20260828-215108-orchestra-2/worker-2.stdout: OK
performance/benchmark-r2/run-20260828-215108-orchestra-2/worker_status.log: OK
performance/benchmark-r2/run-20260828-215108-orchestra-4/opt-in-1903491.log: OK
performance/benchmark-r2/run-20260828-215108-orchestra-4/opt-in-1903492.log: OK
performance/benchmark-r2/run-20260828-215108-orchestra-4/opt-in-1903493.log: OK
performance/benchmark-r2/run-20260828-215108-orchestra-4/opt-in-1903494.log: OK
performance/benchmark-r2/run-20260828-215108-orchestra-4/ownership.log: OK
performance/benchmark-r2/run-20260828-215108-orchestra-4/publish-1903491.log: OK
performance/benchmark-r2/run-20260828-215108-orchestra-4/publish-1903492.log: OK
performance/benchmark-r2/run-20260828-215108-orchestra-4/publish-1903493.log: OK
performance/benchmark-r2/run-20260828-215108-orchestra-4/publish-1903494.log: OK
performance/benchmark-r2/run-20260828-215108-orchestra-4/release: OK
performance/benchmark-r2/run-20260828-215108-orchestra-4/worker-1.stderr: OK
performance/benchmark-r2/run-20260828-215108-orchestra-4/worker-1.stdout: OK
performance/benchmark-r2/run-20260828-215108-orchestra-4/worker-2.stderr: OK
performance/benchmark-r2/run-20260828-215108-orchestra-4/worker-2.stdout: OK
performance/benchmark-r2/run-20260828-215108-orchestra-4/worker-3.stderr: OK
performance/benchmark-r2/run-20260828-215108-orchestra-4/worker-3.stdout: OK
performance/benchmark-r2/run-20260828-215108-orchestra-4/worker-4.stderr: OK
performance/benchmark-r2/run-20260828-215108-orchestra-4/worker-4.stdout: OK
performance/benchmark-r2/run-20260828-215108-orchestra-4/worker_status.log: OK
performance/benchmark-r2/run-20260828-215109-orchestra-8/opt-in-1903662.log: OK
performance/benchmark-r2/run-20260828-215109-orchestra-8/opt-in-1903663.log: OK
performance/benchmark-r2/run-20260828-215109-orchestra-8/opt-in-1903664.log: OK
performance/benchmark-r2/run-20260828-215109-orchestra-8/opt-in-1903665.log: OK
performance/benchmark-r2/run-20260828-215109-orchestra-8/opt-in-1903666.log: OK
performance/benchmark-r2/run-20260828-215109-orchestra-8/opt-in-1903667.log: OK
performance/benchmark-r2/run-20260828-215109-orchestra-8/opt-in-1903668.log: OK
performance/benchmark-r2/run-20260828-215109-orchestra-8/opt-in-1903669.log: OK
performance/benchmark-r2/run-20260828-215109-orchestra-8/ownership.log: OK
performance/benchmark-r2/run-20260828-215109-orchestra-8/publish-1903662.log: OK
performance/benchmark-r2/run-20260828-215109-orchestra-8/publish-1903663.log: OK
performance/benchmark-r2/run-20260828-215109-orchestra-8/publish-1903664.log: OK
performance/benchmark-r2/run-20260828-215109-orchestra-8/publish-1903665.log: OK
performance/benchmark-r2/run-20260828-215109-orchestra-8/publish-1903666.log: OK
performance/benchmark-r2/run-20260828-215109-orchestra-8/publish-1903667.log: OK
performance/benchmark-r2/run-20260828-215109-orchestra-8/publish-1903668.log: OK
performance/benchmark-r2/run-20260828-215109-orchestra-8/publish-1903669.log: OK
performance/benchmark-r2/run-20260828-215109-orchestra-8/release: OK
performance/benchmark-r2/run-20260828-215109-orchestra-8/worker-1.stderr: OK
performance/benchmark-r2/run-20260828-215109-orchestra-8/worker-1.stdout: OK
performance/benchmark-r2/run-20260828-215109-orchestra-8/worker-2.stderr: OK
performance/benchmark-r2/run-20260828-215109-orchestra-8/worker-2.stdout: OK
performance/benchmark-r2/run-20260828-215109-orchestra-8/worker-3.stderr: OK
performance/benchmark-r2/run-20260828-215109-orchestra-8/worker-3.stdout: OK
performance/benchmark-r2/run-20260828-215109-orchestra-8/worker-4.stderr: OK
performance/benchmark-r2/run-20260828-215109-orchestra-8/worker-4.stdout: OK
performance/benchmark-r2/run-20260828-215109-orchestra-8/worker-5.stderr: OK
performance/benchmark-r2/run-20260828-215109-orchestra-8/worker-5.stdout: OK
performance/benchmark-r2/run-20260828-215109-orchestra-8/worker-6.stderr: OK
performance/benchmark-r2/run-20260828-215109-orchestra-8/worker-6.stdout: OK
performance/benchmark-r2/run-20260828-215109-orchestra-8/worker-7.stderr: OK
performance/benchmark-r2/run-20260828-215109-orchestra-8/worker-7.stdout: OK
performance/benchmark-r2/run-20260828-215109-orchestra-8/worker-8.stderr: OK
performance/benchmark-r2/run-20260828-215109-orchestra-8/worker-8.stdout: OK
performance/benchmark-r2/run-20260828-215109-orchestra-8/worker_status.log: OK
performance/benchmark-r2/storage_after.txt: OK
performance/benchmark-r2/storage_before.txt: OK
performance/benchmark-r3/bench.log: OK
performance/benchmark-r3/orchestra_load.log: OK
performance/benchmark-r3/orchestra_unload.log: OK
performance/benchmark-r3/results.csv: OK
performance/benchmark-r3/run-20260828-220119-cfs-1/release: OK
performance/benchmark-r3/run-20260828-220119-cfs-1/worker-1.stderr: OK
performance/benchmark-r3/run-20260828-220119-cfs-1/worker-1.stdout: OK
performance/benchmark-r3/run-20260828-220119-cfs-1/worker_status.log: OK
performance/benchmark-r3/run-20260828-220120-cfs-2/release: OK
performance/benchmark-r3/run-20260828-220120-cfs-2/worker-1.stderr: OK
performance/benchmark-r3/run-20260828-220120-cfs-2/worker-1.stdout: OK
performance/benchmark-r3/run-20260828-220120-cfs-2/worker-2.stderr: OK
performance/benchmark-r3/run-20260828-220120-cfs-2/worker-2.stdout: OK
performance/benchmark-r3/run-20260828-220120-cfs-2/worker_status.log: OK
performance/benchmark-r3/run-20260828-220120-cfs-4/release: OK
performance/benchmark-r3/run-20260828-220120-cfs-4/worker-1.stderr: OK
performance/benchmark-r3/run-20260828-220120-cfs-4/worker-1.stdout: OK
performance/benchmark-r3/run-20260828-220120-cfs-4/worker-2.stderr: OK
performance/benchmark-r3/run-20260828-220120-cfs-4/worker-2.stdout: OK
performance/benchmark-r3/run-20260828-220120-cfs-4/worker-3.stderr: OK
performance/benchmark-r3/run-20260828-220120-cfs-4/worker-3.stdout: OK
performance/benchmark-r3/run-20260828-220120-cfs-4/worker-4.stderr: OK
performance/benchmark-r3/run-20260828-220120-cfs-4/worker-4.stdout: OK
performance/benchmark-r3/run-20260828-220120-cfs-4/worker_status.log: OK
performance/benchmark-r3/run-20260828-220120-cfs-8/release: OK
performance/benchmark-r3/run-20260828-220120-cfs-8/worker-1.stderr: OK
performance/benchmark-r3/run-20260828-220120-cfs-8/worker-1.stdout: OK
performance/benchmark-r3/run-20260828-220120-cfs-8/worker-2.stderr: OK
performance/benchmark-r3/run-20260828-220120-cfs-8/worker-2.stdout: OK
performance/benchmark-r3/run-20260828-220120-cfs-8/worker-3.stderr: OK
performance/benchmark-r3/run-20260828-220120-cfs-8/worker-3.stdout: OK
performance/benchmark-r3/run-20260828-220120-cfs-8/worker-4.stderr: OK
performance/benchmark-r3/run-20260828-220120-cfs-8/worker-4.stdout: OK
performance/benchmark-r3/run-20260828-220120-cfs-8/worker-5.stderr: OK
performance/benchmark-r3/run-20260828-220120-cfs-8/worker-5.stdout: OK
performance/benchmark-r3/run-20260828-220120-cfs-8/worker-6.stderr: OK
performance/benchmark-r3/run-20260828-220120-cfs-8/worker-6.stdout: OK
performance/benchmark-r3/run-20260828-220120-cfs-8/worker-7.stderr: OK
performance/benchmark-r3/run-20260828-220120-cfs-8/worker-7.stdout: OK
performance/benchmark-r3/run-20260828-220120-cfs-8/worker-8.stderr: OK
performance/benchmark-r3/run-20260828-220120-cfs-8/worker-8.stdout: OK
performance/benchmark-r3/run-20260828-220120-cfs-8/worker_status.log: OK
performance/benchmark-r3/run-20260828-220124-orchestra-1/opt-in-2124250.log: OK
performance/benchmark-r3/run-20260828-220124-orchestra-1/ownership.log: OK
performance/benchmark-r3/run-20260828-220124-orchestra-1/publish-2124250.log: OK
performance/benchmark-r3/run-20260828-220124-orchestra-1/release: OK
performance/benchmark-r3/run-20260828-220124-orchestra-1/worker-1.stderr: OK
performance/benchmark-r3/run-20260828-220124-orchestra-1/worker-1.stdout: OK
performance/benchmark-r3/run-20260828-220124-orchestra-1/worker_status.log: OK
performance/benchmark-r3/run-20260828-220125-orchestra-2/opt-in-2124321.log: OK
performance/benchmark-r3/run-20260828-220125-orchestra-2/opt-in-2124322.log: OK
performance/benchmark-r3/run-20260828-220125-orchestra-2/ownership.log: OK
performance/benchmark-r3/run-20260828-220125-orchestra-2/publish-2124321.log: OK
performance/benchmark-r3/run-20260828-220125-orchestra-2/publish-2124322.log: OK
performance/benchmark-r3/run-20260828-220125-orchestra-2/release: OK
performance/benchmark-r3/run-20260828-220125-orchestra-2/worker-1.stderr: OK
performance/benchmark-r3/run-20260828-220125-orchestra-2/worker-1.stdout: OK
performance/benchmark-r3/run-20260828-220125-orchestra-2/worker-2.stderr: OK
performance/benchmark-r3/run-20260828-220125-orchestra-2/worker-2.stdout: OK
performance/benchmark-r3/run-20260828-220125-orchestra-2/worker_status.log: OK
performance/benchmark-r3/run-20260828-220126-orchestra-4/opt-in-2124419.log: OK
performance/benchmark-r3/run-20260828-220126-orchestra-4/opt-in-2124420.log: OK
performance/benchmark-r3/run-20260828-220126-orchestra-4/opt-in-2124421.log: OK
performance/benchmark-r3/run-20260828-220126-orchestra-4/opt-in-2124422.log: OK
performance/benchmark-r3/run-20260828-220126-orchestra-4/ownership.log: OK
performance/benchmark-r3/run-20260828-220126-orchestra-4/publish-2124419.log: OK
performance/benchmark-r3/run-20260828-220126-orchestra-4/publish-2124420.log: OK
performance/benchmark-r3/run-20260828-220126-orchestra-4/publish-2124421.log: OK
performance/benchmark-r3/run-20260828-220126-orchestra-4/publish-2124422.log: OK
performance/benchmark-r3/run-20260828-220126-orchestra-4/release: OK
performance/benchmark-r3/run-20260828-220126-orchestra-4/worker-1.stderr: OK
performance/benchmark-r3/run-20260828-220126-orchestra-4/worker-1.stdout: OK
performance/benchmark-r3/run-20260828-220126-orchestra-4/worker-2.stderr: OK
performance/benchmark-r3/run-20260828-220126-orchestra-4/worker-2.stdout: OK
performance/benchmark-r3/run-20260828-220126-orchestra-4/worker-3.stderr: OK
performance/benchmark-r3/run-20260828-220126-orchestra-4/worker-3.stdout: OK
performance/benchmark-r3/run-20260828-220126-orchestra-4/worker-4.stderr: OK
performance/benchmark-r3/run-20260828-220126-orchestra-4/worker-4.stdout: OK
performance/benchmark-r3/run-20260828-220126-orchestra-4/worker_status.log: OK
performance/benchmark-r3/run-20260828-220126-orchestra-8/opt-in-2124596.log: OK
performance/benchmark-r3/run-20260828-220126-orchestra-8/opt-in-2124597.log: OK
performance/benchmark-r3/run-20260828-220126-orchestra-8/opt-in-2124598.log: OK
performance/benchmark-r3/run-20260828-220126-orchestra-8/opt-in-2124599.log: OK
performance/benchmark-r3/run-20260828-220126-orchestra-8/opt-in-2124600.log: OK
performance/benchmark-r3/run-20260828-220126-orchestra-8/opt-in-2124601.log: OK
performance/benchmark-r3/run-20260828-220126-orchestra-8/opt-in-2124602.log: OK
performance/benchmark-r3/run-20260828-220126-orchestra-8/opt-in-2124603.log: OK
performance/benchmark-r3/run-20260828-220126-orchestra-8/ownership.log: OK
performance/benchmark-r3/run-20260828-220126-orchestra-8/publish-2124596.log: OK
performance/benchmark-r3/run-20260828-220126-orchestra-8/publish-2124597.log: OK
performance/benchmark-r3/run-20260828-220126-orchestra-8/publish-2124598.log: OK
performance/benchmark-r3/run-20260828-220126-orchestra-8/publish-2124599.log: OK
performance/benchmark-r3/run-20260828-220126-orchestra-8/publish-2124600.log: OK
performance/benchmark-r3/run-20260828-220126-orchestra-8/publish-2124601.log: OK
performance/benchmark-r3/run-20260828-220126-orchestra-8/publish-2124602.log: OK
performance/benchmark-r3/run-20260828-220126-orchestra-8/publish-2124603.log: OK
performance/benchmark-r3/run-20260828-220126-orchestra-8/release: OK
performance/benchmark-r3/run-20260828-220126-orchestra-8/worker-1.stderr: OK
performance/benchmark-r3/run-20260828-220126-orchestra-8/worker-1.stdout: OK
performance/benchmark-r3/run-20260828-220126-orchestra-8/worker-2.stderr: OK
performance/benchmark-r3/run-20260828-220126-orchestra-8/worker-2.stdout: OK
performance/benchmark-r3/run-20260828-220126-orchestra-8/worker-3.stderr: OK
performance/benchmark-r3/run-20260828-220126-orchestra-8/worker-3.stdout: OK
performance/benchmark-r3/run-20260828-220126-orchestra-8/worker-4.stderr: OK
performance/benchmark-r3/run-20260828-220126-orchestra-8/worker-4.stdout: OK
performance/benchmark-r3/run-20260828-220126-orchestra-8/worker-5.stderr: OK
performance/benchmark-r3/run-20260828-220126-orchestra-8/worker-5.stdout: OK
performance/benchmark-r3/run-20260828-220126-orchestra-8/worker-6.stderr: OK
performance/benchmark-r3/run-20260828-220126-orchestra-8/worker-6.stdout: OK
performance/benchmark-r3/run-20260828-220126-orchestra-8/worker-7.stderr: OK
performance/benchmark-r3/run-20260828-220126-orchestra-8/worker-7.stdout: OK
performance/benchmark-r3/run-20260828-220126-orchestra-8/worker-8.stderr: OK
performance/benchmark-r3/run-20260828-220126-orchestra-8/worker-8.stdout: OK
performance/benchmark-r3/run-20260828-220126-orchestra-8/worker_status.log: OK
performance/benchmark-r3/storage_after.txt: OK
performance/benchmark-r3/storage_before.txt: OK
performance/benchmark-r4/bench.log: OK
performance/benchmark-r4/orchestra_load.log: OK
performance/benchmark-r4/orchestra_unload.log: OK
performance/benchmark-r4/results.csv: OK
performance/benchmark-r4/run-20260828-220134-cfs-1/release: OK
performance/benchmark-r4/run-20260828-220134-cfs-1/worker-1.stderr: OK
performance/benchmark-r4/run-20260828-220134-cfs-1/worker-1.stdout: OK
performance/benchmark-r4/run-20260828-220134-cfs-1/worker_status.log: OK
performance/benchmark-r4/run-20260828-220134-cfs-2/release: OK
performance/benchmark-r4/run-20260828-220134-cfs-2/worker-1.stderr: OK
performance/benchmark-r4/run-20260828-220134-cfs-2/worker-1.stdout: OK
performance/benchmark-r4/run-20260828-220134-cfs-2/worker-2.stderr: OK
performance/benchmark-r4/run-20260828-220134-cfs-2/worker-2.stdout: OK
performance/benchmark-r4/run-20260828-220134-cfs-2/worker_status.log: OK
performance/benchmark-r4/run-20260828-220135-cfs-4/release: OK
performance/benchmark-r4/run-20260828-220135-cfs-4/worker-1.stderr: OK
performance/benchmark-r4/run-20260828-220135-cfs-4/worker-1.stdout: OK
performance/benchmark-r4/run-20260828-220135-cfs-4/worker-2.stderr: OK
performance/benchmark-r4/run-20260828-220135-cfs-4/worker-2.stdout: OK
performance/benchmark-r4/run-20260828-220135-cfs-4/worker-3.stderr: OK
performance/benchmark-r4/run-20260828-220135-cfs-4/worker-3.stdout: OK
performance/benchmark-r4/run-20260828-220135-cfs-4/worker-4.stderr: OK
performance/benchmark-r4/run-20260828-220135-cfs-4/worker-4.stdout: OK
performance/benchmark-r4/run-20260828-220135-cfs-4/worker_status.log: OK
performance/benchmark-r4/run-20260828-220135-cfs-8/release: OK
performance/benchmark-r4/run-20260828-220135-cfs-8/worker-1.stderr: OK
performance/benchmark-r4/run-20260828-220135-cfs-8/worker-1.stdout: OK
performance/benchmark-r4/run-20260828-220135-cfs-8/worker-2.stderr: OK
performance/benchmark-r4/run-20260828-220135-cfs-8/worker-2.stdout: OK
performance/benchmark-r4/run-20260828-220135-cfs-8/worker-3.stderr: OK
performance/benchmark-r4/run-20260828-220135-cfs-8/worker-3.stdout: OK
performance/benchmark-r4/run-20260828-220135-cfs-8/worker-4.stderr: OK
performance/benchmark-r4/run-20260828-220135-cfs-8/worker-4.stdout: OK
performance/benchmark-r4/run-20260828-220135-cfs-8/worker-5.stderr: OK
performance/benchmark-r4/run-20260828-220135-cfs-8/worker-5.stdout: OK
performance/benchmark-r4/run-20260828-220135-cfs-8/worker-6.stderr: OK
performance/benchmark-r4/run-20260828-220135-cfs-8/worker-6.stdout: OK
performance/benchmark-r4/run-20260828-220135-cfs-8/worker-7.stderr: OK
performance/benchmark-r4/run-20260828-220135-cfs-8/worker-7.stdout: OK
performance/benchmark-r4/run-20260828-220135-cfs-8/worker-8.stderr: OK
performance/benchmark-r4/run-20260828-220135-cfs-8/worker-8.stdout: OK
performance/benchmark-r4/run-20260828-220135-cfs-8/worker_status.log: OK
performance/benchmark-r4/run-20260828-220138-orchestra-1/opt-in-2125484.log: OK
performance/benchmark-r4/run-20260828-220138-orchestra-1/ownership.log: OK
performance/benchmark-r4/run-20260828-220138-orchestra-1/publish-2125484.log: OK
performance/benchmark-r4/run-20260828-220138-orchestra-1/release: OK
performance/benchmark-r4/run-20260828-220138-orchestra-1/worker-1.stderr: OK
performance/benchmark-r4/run-20260828-220138-orchestra-1/worker-1.stdout: OK
performance/benchmark-r4/run-20260828-220138-orchestra-1/worker_status.log: OK
performance/benchmark-r4/run-20260828-220139-orchestra-2/opt-in-2125551.log: OK
performance/benchmark-r4/run-20260828-220139-orchestra-2/opt-in-2125552.log: OK
performance/benchmark-r4/run-20260828-220139-orchestra-2/ownership.log: OK
performance/benchmark-r4/run-20260828-220139-orchestra-2/publish-2125551.log: OK
performance/benchmark-r4/run-20260828-220139-orchestra-2/publish-2125552.log: OK
performance/benchmark-r4/run-20260828-220139-orchestra-2/release: OK
performance/benchmark-r4/run-20260828-220139-orchestra-2/worker-1.stderr: OK
performance/benchmark-r4/run-20260828-220139-orchestra-2/worker-1.stdout: OK
performance/benchmark-r4/run-20260828-220139-orchestra-2/worker-2.stderr: OK
performance/benchmark-r4/run-20260828-220139-orchestra-2/worker-2.stdout: OK
performance/benchmark-r4/run-20260828-220139-orchestra-2/worker_status.log: OK
performance/benchmark-r4/run-20260828-220139-orchestra-4/opt-in-2125641.log: OK
performance/benchmark-r4/run-20260828-220139-orchestra-4/opt-in-2125642.log: OK
performance/benchmark-r4/run-20260828-220139-orchestra-4/opt-in-2125643.log: OK
performance/benchmark-r4/run-20260828-220139-orchestra-4/opt-in-2125644.log: OK
performance/benchmark-r4/run-20260828-220139-orchestra-4/ownership.log: OK
performance/benchmark-r4/run-20260828-220139-orchestra-4/publish-2125641.log: OK
performance/benchmark-r4/run-20260828-220139-orchestra-4/publish-2125642.log: OK
performance/benchmark-r4/run-20260828-220139-orchestra-4/publish-2125643.log: OK
performance/benchmark-r4/run-20260828-220139-orchestra-4/publish-2125644.log: OK
performance/benchmark-r4/run-20260828-220139-orchestra-4/release: OK
performance/benchmark-r4/run-20260828-220139-orchestra-4/worker-1.stderr: OK
performance/benchmark-r4/run-20260828-220139-orchestra-4/worker-1.stdout: OK
performance/benchmark-r4/run-20260828-220139-orchestra-4/worker-2.stderr: OK
performance/benchmark-r4/run-20260828-220139-orchestra-4/worker-2.stdout: OK
performance/benchmark-r4/run-20260828-220139-orchestra-4/worker-3.stderr: OK
performance/benchmark-r4/run-20260828-220139-orchestra-4/worker-3.stdout: OK
performance/benchmark-r4/run-20260828-220139-orchestra-4/worker-4.stderr: OK
performance/benchmark-r4/run-20260828-220139-orchestra-4/worker-4.stdout: OK
performance/benchmark-r4/run-20260828-220139-orchestra-4/worker_status.log: OK
performance/benchmark-r4/run-20260828-220140-orchestra-8/opt-in-2125837.log: OK
performance/benchmark-r4/run-20260828-220140-orchestra-8/opt-in-2125838.log: OK
performance/benchmark-r4/run-20260828-220140-orchestra-8/opt-in-2125839.log: OK
performance/benchmark-r4/run-20260828-220140-orchestra-8/opt-in-2125840.log: OK
performance/benchmark-r4/run-20260828-220140-orchestra-8/opt-in-2125841.log: OK
performance/benchmark-r4/run-20260828-220140-orchestra-8/opt-in-2125842.log: OK
performance/benchmark-r4/run-20260828-220140-orchestra-8/opt-in-2125843.log: OK
performance/benchmark-r4/run-20260828-220140-orchestra-8/opt-in-2125844.log: OK
performance/benchmark-r4/run-20260828-220140-orchestra-8/ownership.log: OK
performance/benchmark-r4/run-20260828-220140-orchestra-8/publish-2125837.log: OK
performance/benchmark-r4/run-20260828-220140-orchestra-8/publish-2125838.log: OK
performance/benchmark-r4/run-20260828-220140-orchestra-8/publish-2125839.log: OK
performance/benchmark-r4/run-20260828-220140-orchestra-8/publish-2125840.log: OK
performance/benchmark-r4/run-20260828-220140-orchestra-8/publish-2125841.log: OK
performance/benchmark-r4/run-20260828-220140-orchestra-8/publish-2125842.log: OK
performance/benchmark-r4/run-20260828-220140-orchestra-8/publish-2125843.log: OK
performance/benchmark-r4/run-20260828-220140-orchestra-8/publish-2125844.log: OK
performance/benchmark-r4/run-20260828-220140-orchestra-8/release: OK
performance/benchmark-r4/run-20260828-220140-orchestra-8/worker-1.stderr: OK
performance/benchmark-r4/run-20260828-220140-orchestra-8/worker-1.stdout: OK
performance/benchmark-r4/run-20260828-220140-orchestra-8/worker-2.stderr: OK
performance/benchmark-r4/run-20260828-220140-orchestra-8/worker-2.stdout: OK
performance/benchmark-r4/run-20260828-220140-orchestra-8/worker-3.stderr: OK
performance/benchmark-r4/run-20260828-220140-orchestra-8/worker-3.stdout: OK
performance/benchmark-r4/run-20260828-220140-orchestra-8/worker-4.stderr: OK
performance/benchmark-r4/run-20260828-220140-orchestra-8/worker-4.stdout: OK
performance/benchmark-r4/run-20260828-220140-orchestra-8/worker-5.stderr: OK
performance/benchmark-r4/run-20260828-220140-orchestra-8/worker-5.stdout: OK
performance/benchmark-r4/run-20260828-220140-orchestra-8/worker-6.stderr: OK
performance/benchmark-r4/run-20260828-220140-orchestra-8/worker-6.stdout: OK
performance/benchmark-r4/run-20260828-220140-orchestra-8/worker-7.stderr: OK
performance/benchmark-r4/run-20260828-220140-orchestra-8/worker-7.stdout: OK
performance/benchmark-r4/run-20260828-220140-orchestra-8/worker-8.stderr: OK
performance/benchmark-r4/run-20260828-220140-orchestra-8/worker-8.stdout: OK
performance/benchmark-r4/run-20260828-220140-orchestra-8/worker_status.log: OK
performance/benchmark-r4/storage_after.txt: OK
performance/benchmark-r4/storage_before.txt: OK
performance/benchmark_m1.stderr: OK
performance/benchmark_m1.stdout: OK
performance/benchmark_m2.stderr: OK
performance/benchmark_m2.stdout: OK
performance/benchmark_m3.stderr: OK
performance/benchmark_m3.stdout: OK
performance/benchmark_r1.stderr: OK
performance/benchmark_r1.stdout: OK
performance/benchmark_r2.stderr: OK
performance/benchmark_r2.stdout: OK
performance/benchmark_r3.stderr: OK
performance/benchmark_r3.stdout: OK
performance/benchmark_r4.stderr: OK
performance/benchmark_r4.stdout: OK
performance/preflight.txt: OK
performance/summary.csv: OK
rt/bpffs_after.txt: OK
rt/bpffs_before.txt: OK
rt/deadline_launch.stderr: OK
rt/deadline_launch.stdout: OK
rt/deadline_opt_in.stderr: OK
rt/deadline_opt_in.stdout: OK
rt/deadline_policy.txt: OK
rt/deadline_publish.stderr: OK
rt/deadline_publish.stdout: OK
rt/dmesg_after.txt: OK
rt/dmesg_before.txt: OK
rt/fifo_launch.stderr: OK
rt/fifo_launch.stdout: OK
rt/fifo_opt_in.stderr: OK
rt/fifo_opt_in.stdout: OK
rt/fifo_policy.txt: OK
rt/fifo_publish.stderr: OK
rt/fifo_publish.stdout: OK
rt/lifecycle.txt: OK
rt/load.stderr: OK
rt/load.stdout: OK
rt/normal_opt_in.stderr: OK
rt/normal_opt_in.stdout: OK
rt/normal_publish.stderr: OK
rt/normal_publish.stdout: OK
rt/normal_status_last.txt: OK
rt/policy_matrix.txt: OK
rt/policy_matrix_load.stderr: OK
rt/policy_matrix_load.stdout: OK
rt/policy_matrix_unload.stderr: OK
rt/policy_matrix_unload.stdout: OK
rt/rr_launch.stderr: OK
rt/rr_launch.stdout: OK
rt/rr_opt_in.stderr: OK
rt/rr_opt_in.stdout: OK
rt/rr_policy.txt: OK
rt/rr_publish.stderr: OK
rt/rr_publish.stdout: OK
rt/rt_launch.stderr: OK
rt/rt_launch.stdout: OK
rt/rt_opt_in.stderr: OK
rt/rt_opt_in.stdout: OK
rt/rt_policy.txt: OK
rt/rt_publish.stderr: OK
rt/rt_publish.stdout: OK
rt/unload.stderr: OK
rt/unload.stdout: OK
sched_ext/p0.stderr: OK
sched_ext/p0.stdout: OK
sched_ext/postflight.txt: OK
sched_ext/preflight.txt: OK
sched_ext/runtime/first-attempt/bpf-link.post: OK
sched_ext/runtime/first-attempt/bpf-link.pre: OK
sched_ext/runtime/first-attempt/bpf-map.post: OK
sched_ext/runtime/first-attempt/bpf-map.pre: OK
sched_ext/runtime/first-attempt/bpf-prog.post: OK
sched_ext/runtime/first-attempt/bpf-prog.pre: OK
sched_ext/runtime/first-attempt/bpffs.post: OK
sched_ext/runtime/first-attempt/bpffs.pre: OK
sched_ext/runtime/first-attempt/end.timestamp: OK
sched_ext/runtime/first-attempt/fail-count.txt: OK
sched_ext/runtime/first-attempt/kernel-health.matches: OK
sched_ext/runtime/first-attempt/kernel.post: OK
sched_ext/runtime/first-attempt/kernel.pre: OK
sched_ext/runtime/first-attempt/load.stderr: OK
sched_ext/runtime/first-attempt/load.stdout: OK
sched_ext/runtime/first-attempt/migrate/affinity-expand.stderr: OK
sched_ext/runtime/first-attempt/migrate/affinity-expand.stdout: OK
sched_ext/runtime/first-attempt/migrate/affinity-restrict.stderr: OK
sched_ext/runtime/first-attempt/migrate/affinity-restrict.stdout: OK
sched_ext/runtime/first-attempt/migrate/migrate.publish.stderr: OK
sched_ext/runtime/first-attempt/migrate/migrate.publish.stdout: OK
sched_ext/runtime/first-attempt/migrate/opt-in.stderr: OK
sched_ext/runtime/first-attempt/migrate/opt-in.stdout: OK
sched_ext/runtime/first-attempt/migrate/ownership.gate: OK
sched_ext/runtime/first-attempt/migrate/ownership.latest: OK
sched_ext/runtime/first-attempt/migrate/ownership.latest.stderr: OK
sched_ext/runtime/first-attempt/migrate/pid: OK
sched_ext/runtime/first-attempt/migrate/release: OK
sched_ext/runtime/first-attempt/migrate/run.publish.stderr: OK
sched_ext/runtime/first-attempt/migrate/run.publish.stdout: OK
sched_ext/runtime/first-attempt/migrate/status.before: OK
sched_ext/runtime/first-attempt/migrate/status.before.stderr: OK
sched_ext/runtime/first-attempt/migrate/status.invalid: OK
sched_ext/runtime/first-attempt/migrate/status.invalid-before: OK
sched_ext/runtime/first-attempt/migrate/status.invalid-before.stderr: OK
sched_ext/runtime/first-attempt/migrate/status.invalid.stderr: OK
sched_ext/runtime/first-attempt/migrate/status.valid: OK
sched_ext/runtime/first-attempt/migrate/status.valid.stderr: OK
sched_ext/runtime/first-attempt/migrate/worker.stderr: OK
sched_ext/runtime/first-attempt/migrate/worker.stdout: OK
sched_ext/runtime/first-attempt/results.csv: OK
sched_ext/runtime/first-attempt/run/opt-in.stderr: OK
sched_ext/runtime/first-attempt/run/opt-in.stdout: OK
sched_ext/runtime/first-attempt/run/ownership.gate: OK
sched_ext/runtime/first-attempt/run/ownership.latest: OK
sched_ext/runtime/first-attempt/run/ownership.latest.stderr: OK
sched_ext/runtime/first-attempt/run/pid: OK
sched_ext/runtime/first-attempt/run/release: OK
sched_ext/runtime/first-attempt/run/run.publish.stderr: OK
sched_ext/runtime/first-attempt/run/run.publish.stdout: OK
sched_ext/runtime/first-attempt/run/status.after: OK
sched_ext/runtime/first-attempt/run/status.after.stderr: OK
sched_ext/runtime/first-attempt/run/status.before: OK
sched_ext/runtime/first-attempt/run/status.before.stderr: OK
sched_ext/runtime/first-attempt/run/worker.stderr: OK
sched_ext/runtime/first-attempt/run/worker.stdout: OK
sched_ext/runtime/first-attempt/sleep/opt-in.stderr: OK
sched_ext/runtime/first-attempt/sleep/opt-in.stdout: OK
sched_ext/runtime/first-attempt/sleep/ownership.gate: OK
sched_ext/runtime/first-attempt/sleep/ownership.latest: OK
sched_ext/runtime/first-attempt/sleep/ownership.latest.stderr: OK
sched_ext/runtime/first-attempt/sleep/pid: OK
sched_ext/runtime/first-attempt/sleep/release: OK
sched_ext/runtime/first-attempt/sleep/run.publish.stderr: OK
sched_ext/runtime/first-attempt/sleep/run.publish.stdout: OK
sched_ext/runtime/first-attempt/sleep/sleep.publish.stderr: OK
sched_ext/runtime/first-attempt/sleep/sleep.publish.stdout: OK
sched_ext/runtime/first-attempt/sleep/status.after: OK
sched_ext/runtime/first-attempt/sleep/status.after.stderr: OK
sched_ext/runtime/first-attempt/sleep/status.before: OK
sched_ext/runtime/first-attempt/sleep/status.before.stderr: OK
sched_ext/runtime/first-attempt/sleep/worker.stderr: OK
sched_ext/runtime/first-attempt/sleep/worker.stdout: OK
sched_ext/runtime/first-attempt/start.timestamp: OK
sched_ext/runtime/first-attempt/state.loaded: OK
sched_ext/runtime/first-attempt/state.post: OK
sched_ext/runtime/first-attempt/state.pre: OK
sched_ext/runtime/first-attempt/throttle-after-run/first-defer-ms.txt: OK
sched_ext/runtime/first-attempt/throttle-after-run/opt-in.stderr: OK
sched_ext/runtime/first-attempt/throttle-after-run/opt-in.stdout: OK
sched_ext/runtime/first-attempt/throttle-after-run/ownership.gate: OK
sched_ext/runtime/first-attempt/throttle-after-run/ownership.latest: OK
sched_ext/runtime/first-attempt/throttle-after-run/ownership.latest.stderr: OK
sched_ext/runtime/first-attempt/throttle-after-run/pid: OK
sched_ext/runtime/first-attempt/throttle-after-run/release: OK
sched_ext/runtime/first-attempt/throttle-after-run/run.publish.stderr: OK
sched_ext/runtime/first-attempt/throttle-after-run/run.publish.stdout: OK
sched_ext/runtime/first-attempt/throttle-after-run/status.after: OK
sched_ext/runtime/first-attempt/throttle-after-run/status.after.stderr: OK
sched_ext/runtime/first-attempt/throttle-after-run/status.before: OK
sched_ext/runtime/first-attempt/throttle-after-run/status.before.stderr: OK
sched_ext/runtime/first-attempt/throttle-after-run/status.first-defer: OK
sched_ext/runtime/first-attempt/throttle-after-run/status.first-defer.stderr: OK
sched_ext/runtime/first-attempt/throttle-after-run/status.poll: OK
sched_ext/runtime/first-attempt/throttle-after-run/status.poll.stderr: OK
sched_ext/runtime/first-attempt/throttle-after-run/throttle.publish.stderr: OK
sched_ext/runtime/first-attempt/throttle-after-run/throttle.publish.stdout: OK
sched_ext/runtime/first-attempt/throttle-after-run/worker.stderr: OK
sched_ext/runtime/first-attempt/throttle-after-run/worker.stdout: OK
sched_ext/runtime/first-attempt/throttle-immediate/first-defer-ms.txt: OK
sched_ext/runtime/first-attempt/throttle-immediate/opt-in.stderr: OK
sched_ext/runtime/first-attempt/throttle-immediate/opt-in.stdout: OK
sched_ext/runtime/first-attempt/throttle-immediate/ownership.gate: OK
sched_ext/runtime/first-attempt/throttle-immediate/ownership.latest: OK
sched_ext/runtime/first-attempt/throttle-immediate/ownership.latest.stderr: OK
sched_ext/runtime/first-attempt/throttle-immediate/pid: OK
sched_ext/runtime/first-attempt/throttle-immediate/release: OK
sched_ext/runtime/first-attempt/throttle-immediate/run.publish.stderr: OK
sched_ext/runtime/first-attempt/throttle-immediate/run.publish.stdout: OK
sched_ext/runtime/first-attempt/throttle-immediate/status.after: OK
sched_ext/runtime/first-attempt/throttle-immediate/status.after.stderr: OK
sched_ext/runtime/first-attempt/throttle-immediate/status.before: OK
sched_ext/runtime/first-attempt/throttle-immediate/status.before.stderr: OK
sched_ext/runtime/first-attempt/throttle-immediate/status.first-defer: OK
sched_ext/runtime/first-attempt/throttle-immediate/status.first-defer.stderr: OK
sched_ext/runtime/first-attempt/throttle-immediate/status.poll: OK
sched_ext/runtime/first-attempt/throttle-immediate/status.poll.stderr: OK
sched_ext/runtime/first-attempt/throttle-immediate/throttle.publish.stderr: OK
sched_ext/runtime/first-attempt/throttle-immediate/throttle.publish.stdout: OK
sched_ext/runtime/first-attempt/throttle-immediate/worker.stderr: OK
sched_ext/runtime/first-attempt/throttle-immediate/worker.stdout: OK
sched_ext/runtime/first-attempt/throttle-republished/opt-in.stderr: OK
sched_ext/runtime/first-attempt/throttle-republished/opt-in.stdout: OK
sched_ext/runtime/first-attempt/throttle-republished/ownership.gate: OK
sched_ext/runtime/first-attempt/throttle-republished/ownership.latest: OK
sched_ext/runtime/first-attempt/throttle-republished/ownership.latest.stderr: OK
sched_ext/runtime/first-attempt/throttle-republished/pid: OK
sched_ext/runtime/first-attempt/throttle-republished/release: OK
sched_ext/runtime/first-attempt/throttle-republished/run.publish.stderr: OK
sched_ext/runtime/first-attempt/throttle-republished/run.publish.stdout: OK
sched_ext/runtime/first-attempt/throttle-republished/status.after: OK
sched_ext/runtime/first-attempt/throttle-republished/status.after.stderr: OK
sched_ext/runtime/first-attempt/throttle-republished/status.before: OK
sched_ext/runtime/first-attempt/throttle-republished/status.before-republish: OK
sched_ext/runtime/first-attempt/throttle-republished/status.before-republish.stderr: OK
sched_ext/runtime/first-attempt/throttle-republished/status.before.stderr: OK
sched_ext/runtime/first-attempt/throttle-republished/throttle.first.stderr: OK
sched_ext/runtime/first-attempt/throttle-republished/throttle.first.stdout: OK
sched_ext/runtime/first-attempt/throttle-republished/throttle.second.stderr: OK
sched_ext/runtime/first-attempt/throttle-republished/throttle.second.stdout: OK
sched_ext/runtime/first-attempt/throttle-republished/worker.stderr: OK
sched_ext/runtime/first-attempt/throttle-republished/worker.stdout: OK
sched_ext/runtime/first-attempt/throttle-rollover/first-defer-ms.txt: OK
sched_ext/runtime/first-attempt/throttle-rollover/opt-in.stderr: OK
sched_ext/runtime/first-attempt/throttle-rollover/opt-in.stdout: OK
sched_ext/runtime/first-attempt/throttle-rollover/ownership.gate: OK
sched_ext/runtime/first-attempt/throttle-rollover/ownership.latest: OK
sched_ext/runtime/first-attempt/throttle-rollover/ownership.latest.stderr: OK
sched_ext/runtime/first-attempt/throttle-rollover/pid: OK
sched_ext/runtime/first-attempt/throttle-rollover/release: OK
sched_ext/runtime/first-attempt/throttle-rollover/run.publish.stderr: OK
sched_ext/runtime/first-attempt/throttle-rollover/run.publish.stdout: OK
sched_ext/runtime/first-attempt/throttle-rollover/status.after: OK
sched_ext/runtime/first-attempt/throttle-rollover/status.after.stderr: OK
sched_ext/runtime/first-attempt/throttle-rollover/status.before: OK
sched_ext/runtime/first-attempt/throttle-rollover/status.before.stderr: OK
sched_ext/runtime/first-attempt/throttle-rollover/status.first-defer: OK
sched_ext/runtime/first-attempt/throttle-rollover/status.first-defer.stderr: OK
sched_ext/runtime/first-attempt/throttle-rollover/status.poll: OK
sched_ext/runtime/first-attempt/throttle-rollover/status.poll.stderr: OK
sched_ext/runtime/first-attempt/throttle-rollover/throttle.publish.stderr: OK
sched_ext/runtime/first-attempt/throttle-rollover/throttle.publish.stdout: OK
sched_ext/runtime/first-attempt/throttle-rollover/worker.stderr: OK
sched_ext/runtime/first-attempt/throttle-rollover/worker.stdout: OK
sched_ext/runtime/first-attempt/unload.stderr: OK
sched_ext/runtime/first-attempt/unload.stdout: OK
sched_ext/runtime/p0/action_migrate/opt_in.stderr: OK
sched_ext/runtime/p0/action_migrate/opt_in.stdout: OK
sched_ext/runtime/p0/action_migrate/ownership_gate.txt: OK
sched_ext/runtime/p0/action_migrate/pid: OK
sched_ext/runtime/p0/action_migrate/publish_action.stderr: OK
sched_ext/runtime/p0/action_migrate/publish_action.stdout: OK
sched_ext/runtime/p0/action_migrate/publish_run.stderr: OK
sched_ext/runtime/p0/action_migrate/publish_run.stdout: OK
sched_ext/runtime/p0/action_migrate/release: OK
sched_ext/runtime/p0/action_migrate/status_post.stderr: OK
sched_ext/runtime/p0/action_migrate/status_post.stdout: OK
sched_ext/runtime/p0/action_migrate/worker.stderr: OK
sched_ext/runtime/p0/action_migrate/worker.stdout: OK
sched_ext/runtime/p0/action_sleep/opt_in.stderr: OK
sched_ext/runtime/p0/action_sleep/opt_in.stdout: OK
sched_ext/runtime/p0/action_sleep/ownership_gate.txt: OK
sched_ext/runtime/p0/action_sleep/pid: OK
sched_ext/runtime/p0/action_sleep/publish_action.stderr: OK
sched_ext/runtime/p0/action_sleep/publish_action.stdout: OK
sched_ext/runtime/p0/action_sleep/publish_run.stderr: OK
sched_ext/runtime/p0/action_sleep/publish_run.stdout: OK
sched_ext/runtime/p0/action_sleep/release: OK
sched_ext/runtime/p0/action_sleep/status_post.stderr: OK
sched_ext/runtime/p0/action_sleep/status_post.stdout: OK
sched_ext/runtime/p0/action_sleep/worker.stderr: OK
sched_ext/runtime/p0/action_sleep/worker.stdout: OK
sched_ext/runtime/p0/action_throttle/opt_in.stderr: OK
sched_ext/runtime/p0/action_throttle/opt_in.stdout: OK
sched_ext/runtime/p0/action_throttle/ownership_gate.txt: OK
sched_ext/runtime/p0/action_throttle/pid: OK
sched_ext/runtime/p0/action_throttle/publish_action.stderr: OK
sched_ext/runtime/p0/action_throttle/publish_action.stdout: OK
sched_ext/runtime/p0/action_throttle/publish_run.stderr: OK
sched_ext/runtime/p0/action_throttle/publish_run.stdout: OK
sched_ext/runtime/p0/action_throttle/release: OK
sched_ext/runtime/p0/action_throttle/status_post.stderr: OK
sched_ext/runtime/p0/action_throttle/status_post.stdout: OK
sched_ext/runtime/p0/action_throttle/worker.stderr: OK
sched_ext/runtime/p0/action_throttle/worker.stdout: OK
sched_ext/runtime/p0/action_yield/opt_in.stderr: OK
sched_ext/runtime/p0/action_yield/opt_in.stdout: OK
sched_ext/runtime/p0/action_yield/ownership_gate.txt: OK
sched_ext/runtime/p0/action_yield/pid: OK
sched_ext/runtime/p0/action_yield/publish_action.stderr: OK
sched_ext/runtime/p0/action_yield/publish_action.stdout: OK
sched_ext/runtime/p0/action_yield/publish_run.stderr: OK
sched_ext/runtime/p0/action_yield/publish_run.stdout: OK
sched_ext/runtime/p0/action_yield/release: OK
sched_ext/runtime/p0/action_yield/status_post.stderr: OK
sched_ext/runtime/p0/action_yield/status_post.stdout: OK
sched_ext/runtime/p0/action_yield/worker.stderr: OK
sched_ext/runtime/p0/action_yield/worker.stdout: OK
sched_ext/runtime/p0/bpf_link_post.txt: OK
sched_ext/runtime/p0/bpf_link_pre.txt: OK
sched_ext/runtime/p0/bpf_map_post.txt: OK
sched_ext/runtime/p0/bpf_map_pre.txt: OK
sched_ext/runtime/p0/bpf_prog_post.txt: OK
sched_ext/runtime/p0/bpf_prog_pre.txt: OK
sched_ext/runtime/p0/bpffs_post.txt: OK
sched_ext/runtime/p0/bpffs_pre.txt: OK
sched_ext/runtime/p0/build/fixed_work: OK
sched_ext/runtime/p0/cfs.stderr: OK
sched_ext/runtime/p0/cfs.stdout: OK
sched_ext/runtime/p0/environment.txt: OK
sched_ext/runtime/p0/fail_count.txt: OK
sched_ext/runtime/p0/failures.txt: OK
sched_ext/runtime/p0/forward_progress/opt_in.stderr: OK
sched_ext/runtime/p0/forward_progress/opt_in.stdout: OK
sched_ext/runtime/p0/forward_progress/ownership_gate.txt: OK
sched_ext/runtime/p0/forward_progress/pid: OK
sched_ext/runtime/p0/forward_progress/publish_run.stderr: OK
sched_ext/runtime/p0/forward_progress/publish_run.stdout: OK
sched_ext/runtime/p0/forward_progress/release: OK
sched_ext/runtime/p0/forward_progress/worker.stderr: OK
sched_ext/runtime/p0/forward_progress/worker.stdout: OK
sched_ext/runtime/p0/load.stderr: OK
sched_ext/runtime/p0/load.stdout: OK
sched_ext/runtime/p0/results.csv: OK
sched_ext/runtime/p0/run.log: OK
sched_ext/runtime/p0/unload.stderr: OK
sched_ext/runtime/p0/unload.stdout: OK
sched_ext/runtime/passing-matrix/bpf-link.post: OK
sched_ext/runtime/passing-matrix/bpf-link.pre: OK
sched_ext/runtime/passing-matrix/bpf-map.post: OK
sched_ext/runtime/passing-matrix/bpf-map.pre: OK
sched_ext/runtime/passing-matrix/bpf-prog.post: OK
sched_ext/runtime/passing-matrix/bpf-prog.pre: OK
sched_ext/runtime/passing-matrix/bpffs.post: OK
sched_ext/runtime/passing-matrix/bpffs.pre: OK
sched_ext/runtime/passing-matrix/end.timestamp: OK
sched_ext/runtime/passing-matrix/fail-count.txt: OK
sched_ext/runtime/passing-matrix/kernel-health.matches: OK
sched_ext/runtime/passing-matrix/kernel.post: OK
sched_ext/runtime/passing-matrix/kernel.pre: OK
sched_ext/runtime/passing-matrix/load.stderr: OK
sched_ext/runtime/passing-matrix/load.stdout: OK
sched_ext/runtime/passing-matrix/migrate/affinity-expand.stderr: OK
sched_ext/runtime/passing-matrix/migrate/affinity-expand.stdout: OK
sched_ext/runtime/passing-matrix/migrate/affinity-restrict.stderr: OK
sched_ext/runtime/passing-matrix/migrate/affinity-restrict.stdout: OK
sched_ext/runtime/passing-matrix/migrate/migrate.publish.stderr: OK
sched_ext/runtime/passing-matrix/migrate/migrate.publish.stdout: OK
sched_ext/runtime/passing-matrix/migrate/opt-in.stderr: OK
sched_ext/runtime/passing-matrix/migrate/opt-in.stdout: OK
sched_ext/runtime/passing-matrix/migrate/ownership.gate: OK
sched_ext/runtime/passing-matrix/migrate/ownership.latest: OK
sched_ext/runtime/passing-matrix/migrate/ownership.latest.stderr: OK
sched_ext/runtime/passing-matrix/migrate/pid: OK
sched_ext/runtime/passing-matrix/migrate/release: OK
sched_ext/runtime/passing-matrix/migrate/run.publish.stderr: OK
sched_ext/runtime/passing-matrix/migrate/run.publish.stdout: OK
sched_ext/runtime/passing-matrix/migrate/status.before: OK
sched_ext/runtime/passing-matrix/migrate/status.before.stderr: OK
sched_ext/runtime/passing-matrix/migrate/status.invalid: OK
sched_ext/runtime/passing-matrix/migrate/status.invalid-before: OK
sched_ext/runtime/passing-matrix/migrate/status.invalid-before.stderr: OK
sched_ext/runtime/passing-matrix/migrate/status.invalid.stderr: OK
sched_ext/runtime/passing-matrix/migrate/status.valid: OK
sched_ext/runtime/passing-matrix/migrate/status.valid.stderr: OK
sched_ext/runtime/passing-matrix/migrate/worker.stderr: OK
sched_ext/runtime/passing-matrix/migrate/worker.stdout: OK
sched_ext/runtime/passing-matrix/results.csv: OK
sched_ext/runtime/passing-matrix/run/opt-in.stderr: OK
sched_ext/runtime/passing-matrix/run/opt-in.stdout: OK
sched_ext/runtime/passing-matrix/run/ownership.gate: OK
sched_ext/runtime/passing-matrix/run/ownership.latest: OK
sched_ext/runtime/passing-matrix/run/ownership.latest.stderr: OK
sched_ext/runtime/passing-matrix/run/pid: OK
sched_ext/runtime/passing-matrix/run/release: OK
sched_ext/runtime/passing-matrix/run/run.publish.stderr: OK
sched_ext/runtime/passing-matrix/run/run.publish.stdout: OK
sched_ext/runtime/passing-matrix/run/status.after: OK
sched_ext/runtime/passing-matrix/run/status.after.stderr: OK
sched_ext/runtime/passing-matrix/run/status.before: OK
sched_ext/runtime/passing-matrix/run/status.before.stderr: OK
sched_ext/runtime/passing-matrix/run/worker.stderr: OK
sched_ext/runtime/passing-matrix/run/worker.stdout: OK
sched_ext/runtime/passing-matrix/sleep/opt-in.stderr: OK
sched_ext/runtime/passing-matrix/sleep/opt-in.stdout: OK
sched_ext/runtime/passing-matrix/sleep/ownership.gate: OK
sched_ext/runtime/passing-matrix/sleep/ownership.latest: OK
sched_ext/runtime/passing-matrix/sleep/ownership.latest.stderr: OK
sched_ext/runtime/passing-matrix/sleep/pid: OK
sched_ext/runtime/passing-matrix/sleep/release: OK
sched_ext/runtime/passing-matrix/sleep/run.publish.stderr: OK
sched_ext/runtime/passing-matrix/sleep/run.publish.stdout: OK
sched_ext/runtime/passing-matrix/sleep/sleep.publish.stderr: OK
sched_ext/runtime/passing-matrix/sleep/sleep.publish.stdout: OK
sched_ext/runtime/passing-matrix/sleep/status.after: OK
sched_ext/runtime/passing-matrix/sleep/status.after.stderr: OK
sched_ext/runtime/passing-matrix/sleep/status.before: OK
sched_ext/runtime/passing-matrix/sleep/status.before.stderr: OK
sched_ext/runtime/passing-matrix/sleep/worker.stderr: OK
sched_ext/runtime/passing-matrix/sleep/worker.stdout: OK
sched_ext/runtime/passing-matrix/start.timestamp: OK
sched_ext/runtime/passing-matrix/state.loaded: OK
sched_ext/runtime/passing-matrix/state.post: OK
sched_ext/runtime/passing-matrix/state.pre: OK
sched_ext/runtime/passing-matrix/throttle-after-run/first-defer-ms.txt: OK
sched_ext/runtime/passing-matrix/throttle-after-run/opt-in.stderr: OK
sched_ext/runtime/passing-matrix/throttle-after-run/opt-in.stdout: OK
sched_ext/runtime/passing-matrix/throttle-after-run/ownership.gate: OK
sched_ext/runtime/passing-matrix/throttle-after-run/ownership.latest: OK
sched_ext/runtime/passing-matrix/throttle-after-run/ownership.latest.stderr: OK
sched_ext/runtime/passing-matrix/throttle-after-run/pid: OK
sched_ext/runtime/passing-matrix/throttle-after-run/release: OK
sched_ext/runtime/passing-matrix/throttle-after-run/run.publish.stderr: OK
sched_ext/runtime/passing-matrix/throttle-after-run/run.publish.stdout: OK
sched_ext/runtime/passing-matrix/throttle-after-run/status.after: OK
sched_ext/runtime/passing-matrix/throttle-after-run/status.after.stderr: OK
sched_ext/runtime/passing-matrix/throttle-after-run/status.before: OK
sched_ext/runtime/passing-matrix/throttle-after-run/status.before.stderr: OK
sched_ext/runtime/passing-matrix/throttle-after-run/status.first-defer: OK
sched_ext/runtime/passing-matrix/throttle-after-run/status.first-defer.stderr: OK
sched_ext/runtime/passing-matrix/throttle-after-run/status.poll: OK
sched_ext/runtime/passing-matrix/throttle-after-run/status.poll.stderr: OK
sched_ext/runtime/passing-matrix/throttle-after-run/throttle.publish.stderr: OK
sched_ext/runtime/passing-matrix/throttle-after-run/throttle.publish.stdout: OK
sched_ext/runtime/passing-matrix/throttle-after-run/worker.stderr: OK
sched_ext/runtime/passing-matrix/throttle-after-run/worker.stdout: OK
sched_ext/runtime/passing-matrix/throttle-immediate/first-defer-ms.txt: OK
sched_ext/runtime/passing-matrix/throttle-immediate/opt-in.stderr: OK
sched_ext/runtime/passing-matrix/throttle-immediate/opt-in.stdout: OK
sched_ext/runtime/passing-matrix/throttle-immediate/ownership.gate: OK
sched_ext/runtime/passing-matrix/throttle-immediate/ownership.latest: OK
sched_ext/runtime/passing-matrix/throttle-immediate/ownership.latest.stderr: OK
sched_ext/runtime/passing-matrix/throttle-immediate/pid: OK
sched_ext/runtime/passing-matrix/throttle-immediate/release: OK
sched_ext/runtime/passing-matrix/throttle-immediate/run.publish.stderr: OK
sched_ext/runtime/passing-matrix/throttle-immediate/run.publish.stdout: OK
sched_ext/runtime/passing-matrix/throttle-immediate/status.after: OK
sched_ext/runtime/passing-matrix/throttle-immediate/status.after.stderr: OK
sched_ext/runtime/passing-matrix/throttle-immediate/status.before: OK
sched_ext/runtime/passing-matrix/throttle-immediate/status.before.stderr: OK
sched_ext/runtime/passing-matrix/throttle-immediate/status.first-defer: OK
sched_ext/runtime/passing-matrix/throttle-immediate/status.first-defer.stderr: OK
sched_ext/runtime/passing-matrix/throttle-immediate/status.poll: OK
sched_ext/runtime/passing-matrix/throttle-immediate/status.poll.stderr: OK
sched_ext/runtime/passing-matrix/throttle-immediate/throttle.publish.stderr: OK
sched_ext/runtime/passing-matrix/throttle-immediate/throttle.publish.stdout: OK
sched_ext/runtime/passing-matrix/throttle-immediate/worker.stderr: OK
sched_ext/runtime/passing-matrix/throttle-immediate/worker.stdout: OK
sched_ext/runtime/passing-matrix/throttle-multi/cpu0/opt-in.stderr: OK
sched_ext/runtime/passing-matrix/throttle-multi/cpu0/opt-in.stdout: OK
sched_ext/runtime/passing-matrix/throttle-multi/cpu0/ownership.gate: OK
sched_ext/runtime/passing-matrix/throttle-multi/cpu0/ownership.latest: OK
sched_ext/runtime/passing-matrix/throttle-multi/cpu0/ownership.latest.stderr: OK
sched_ext/runtime/passing-matrix/throttle-multi/cpu0/pid: OK
sched_ext/runtime/passing-matrix/throttle-multi/cpu0/release: OK
sched_ext/runtime/passing-matrix/throttle-multi/cpu0/run.publish.stderr: OK
sched_ext/runtime/passing-matrix/throttle-multi/cpu0/run.publish.stdout: OK
sched_ext/runtime/passing-matrix/throttle-multi/cpu0/status.after: OK
sched_ext/runtime/passing-matrix/throttle-multi/cpu0/status.after.stderr: OK
sched_ext/runtime/passing-matrix/throttle-multi/cpu0/throttle.stderr: OK
sched_ext/runtime/passing-matrix/throttle-multi/cpu0/throttle.stdout: OK
sched_ext/runtime/passing-matrix/throttle-multi/cpu0/worker.stderr: OK
sched_ext/runtime/passing-matrix/throttle-multi/cpu0/worker.stdout: OK
sched_ext/runtime/passing-matrix/throttle-multi/cpu1/opt-in.stderr: OK
sched_ext/runtime/passing-matrix/throttle-multi/cpu1/opt-in.stdout: OK
sched_ext/runtime/passing-matrix/throttle-multi/cpu1/ownership.gate: OK
sched_ext/runtime/passing-matrix/throttle-multi/cpu1/ownership.latest: OK
sched_ext/runtime/passing-matrix/throttle-multi/cpu1/ownership.latest.stderr: OK
sched_ext/runtime/passing-matrix/throttle-multi/cpu1/pid: OK
sched_ext/runtime/passing-matrix/throttle-multi/cpu1/release: OK
sched_ext/runtime/passing-matrix/throttle-multi/cpu1/run.publish.stderr: OK
sched_ext/runtime/passing-matrix/throttle-multi/cpu1/run.publish.stdout: OK
sched_ext/runtime/passing-matrix/throttle-multi/cpu1/status.after: OK
sched_ext/runtime/passing-matrix/throttle-multi/cpu1/status.after.stderr: OK
sched_ext/runtime/passing-matrix/throttle-multi/cpu1/throttle.stderr: OK
sched_ext/runtime/passing-matrix/throttle-multi/cpu1/throttle.stdout: OK
sched_ext/runtime/passing-matrix/throttle-multi/cpu1/worker.stderr: OK
sched_ext/runtime/passing-matrix/throttle-multi/cpu1/worker.stdout: OK
sched_ext/runtime/passing-matrix/throttle-multi/status.before: OK
sched_ext/runtime/passing-matrix/throttle-multi/status.before.stderr: OK
sched_ext/runtime/passing-matrix/throttle-republished/opt-in.stderr: OK
sched_ext/runtime/passing-matrix/throttle-republished/opt-in.stdout: OK
sched_ext/runtime/passing-matrix/throttle-republished/ownership.gate: OK
sched_ext/runtime/passing-matrix/throttle-republished/ownership.latest: OK
sched_ext/runtime/passing-matrix/throttle-republished/ownership.latest.stderr: OK
sched_ext/runtime/passing-matrix/throttle-republished/pid: OK
sched_ext/runtime/passing-matrix/throttle-republished/release: OK
sched_ext/runtime/passing-matrix/throttle-republished/run.publish.stderr: OK
sched_ext/runtime/passing-matrix/throttle-republished/run.publish.stdout: OK
sched_ext/runtime/passing-matrix/throttle-republished/status.after: OK
sched_ext/runtime/passing-matrix/throttle-republished/status.after.stderr: OK
sched_ext/runtime/passing-matrix/throttle-republished/status.before: OK
sched_ext/runtime/passing-matrix/throttle-republished/status.before-republish: OK
sched_ext/runtime/passing-matrix/throttle-republished/status.before-republish.stderr: OK
sched_ext/runtime/passing-matrix/throttle-republished/status.before.stderr: OK
sched_ext/runtime/passing-matrix/throttle-republished/throttle.first.stderr: OK
sched_ext/runtime/passing-matrix/throttle-republished/throttle.first.stdout: OK
sched_ext/runtime/passing-matrix/throttle-republished/throttle.second.stderr: OK
sched_ext/runtime/passing-matrix/throttle-republished/throttle.second.stdout: OK
sched_ext/runtime/passing-matrix/throttle-republished/worker.stderr: OK
sched_ext/runtime/passing-matrix/throttle-republished/worker.stdout: OK
sched_ext/runtime/passing-matrix/throttle-rollover/first-defer-ms.txt: OK
sched_ext/runtime/passing-matrix/throttle-rollover/opt-in.stderr: OK
sched_ext/runtime/passing-matrix/throttle-rollover/opt-in.stdout: OK
sched_ext/runtime/passing-matrix/throttle-rollover/ownership.gate: OK
sched_ext/runtime/passing-matrix/throttle-rollover/ownership.latest: OK
sched_ext/runtime/passing-matrix/throttle-rollover/ownership.latest.stderr: OK
sched_ext/runtime/passing-matrix/throttle-rollover/pid: OK
sched_ext/runtime/passing-matrix/throttle-rollover/release: OK
sched_ext/runtime/passing-matrix/throttle-rollover/run.publish.stderr: OK
sched_ext/runtime/passing-matrix/throttle-rollover/run.publish.stdout: OK
sched_ext/runtime/passing-matrix/throttle-rollover/status.after: OK
sched_ext/runtime/passing-matrix/throttle-rollover/status.after.stderr: OK
sched_ext/runtime/passing-matrix/throttle-rollover/status.before: OK
sched_ext/runtime/passing-matrix/throttle-rollover/status.before.stderr: OK
sched_ext/runtime/passing-matrix/throttle-rollover/status.first-defer: OK
sched_ext/runtime/passing-matrix/throttle-rollover/status.first-defer.stderr: OK
sched_ext/runtime/passing-matrix/throttle-rollover/status.poll: OK
sched_ext/runtime/passing-matrix/throttle-rollover/status.poll.stderr: OK
sched_ext/runtime/passing-matrix/throttle-rollover/throttle.publish.stderr: OK
sched_ext/runtime/passing-matrix/throttle-rollover/throttle.publish.stdout: OK
sched_ext/runtime/passing-matrix/throttle-rollover/worker.stderr: OK
sched_ext/runtime/passing-matrix/throttle-rollover/worker.stdout: OK
sched_ext/runtime/passing-matrix/unload.stderr: OK
sched_ext/runtime/passing-matrix/unload.stdout: OK
sched_ext/runtime/passing-matrix/yield/peer-progress.txt: OK
sched_ext/runtime/passing-matrix/yield/peer/opt-in.stderr: OK
sched_ext/runtime/passing-matrix/yield/peer/opt-in.stdout: OK
sched_ext/runtime/passing-matrix/yield/peer/ownership.gate: OK
sched_ext/runtime/passing-matrix/yield/peer/ownership.latest: OK
sched_ext/runtime/passing-matrix/yield/peer/ownership.latest.stderr: OK
sched_ext/runtime/passing-matrix/yield/peer/pid: OK
sched_ext/runtime/passing-matrix/yield/peer/release: OK
sched_ext/runtime/passing-matrix/yield/peer/run.publish.stderr: OK
sched_ext/runtime/passing-matrix/yield/peer/run.publish.stdout: OK
sched_ext/runtime/passing-matrix/yield/peer/worker.stderr: OK
sched_ext/runtime/passing-matrix/yield/peer/worker.stdout: OK
sched_ext/runtime/passing-matrix/yield/status.after: OK
sched_ext/runtime/passing-matrix/yield/status.after.stderr: OK
sched_ext/runtime/passing-matrix/yield/status.before: OK
sched_ext/runtime/passing-matrix/yield/status.before.stderr: OK
sched_ext/runtime/passing-matrix/yield/target/opt-in.stderr: OK
sched_ext/runtime/passing-matrix/yield/target/opt-in.stdout: OK
sched_ext/runtime/passing-matrix/yield/target/ownership.gate: OK
sched_ext/runtime/passing-matrix/yield/target/ownership.latest: OK
sched_ext/runtime/passing-matrix/yield/target/ownership.latest.stderr: OK
sched_ext/runtime/passing-matrix/yield/target/pid: OK
sched_ext/runtime/passing-matrix/yield/target/release: OK
sched_ext/runtime/passing-matrix/yield/target/run.publish.stderr: OK
sched_ext/runtime/passing-matrix/yield/target/run.publish.stdout: OK
sched_ext/runtime/passing-matrix/yield/target/worker.stderr: OK
sched_ext/runtime/passing-matrix/yield/target/worker.stdout: OK
sched_ext/runtime/passing-matrix/yield/yield.publish.stderr: OK
sched_ext/runtime/passing-matrix/yield/yield.publish.stdout: OK
sched_ext/runtime_protocol.sh: OK
sched_ext/runtime_protocol.stderr: OK
sched_ext/runtime_protocol.stdout: OK
sched_ext/runtime_protocol_retry.stderr: OK
sched_ext/runtime_protocol_retry.stdout: OK
stress/cfs-30/dmesg_after.txt: OK
stress/cfs-30/dmesg_before.txt: OK
stress/cfs-30/results.csv: OK
stress/cfs-30/storage_after.txt: OK
stress/cfs-30/storage_before.txt: OK
stress/cfs-30/stress.log: OK
stress/cfs-30/thermal_after.txt: OK
stress/cfs-30/thermal_before.txt: OK
stress/cfs-30/thermal_samples.csv: OK
stress/cfs-5/dmesg_after.txt: OK
stress/cfs-5/dmesg_before.txt: OK
stress/cfs-5/results.csv: OK
stress/cfs-5/storage_after.txt: OK
stress/cfs-5/storage_before.txt: OK
stress/cfs-5/stress.log: OK
stress/cfs-5/thermal_after.txt: OK
stress/cfs-5/thermal_before.txt: OK
stress/cfs-5/thermal_samples.csv: OK
stress/orchestra-30/dmesg_after.txt: OK
stress/orchestra-30/dmesg_before.txt: OK
stress/orchestra-30/ownership-cpu.log: OK
stress/orchestra-30/ownership-io.log: OK
stress/orchestra-30/ownership-mixed.log: OK
stress/orchestra-30/results.csv: OK
stress/orchestra-30/storage_after.txt: OK
stress/orchestra-30/storage_before.txt: OK
stress/orchestra-30/stress.log: OK
stress/orchestra-30/thermal_after.txt: OK
stress/orchestra-30/thermal_before.txt: OK
stress/orchestra-30/thermal_samples.csv: OK
stress/orchestra-5/dmesg_after.txt: OK
stress/orchestra-5/dmesg_before.txt: OK
stress/orchestra-5/ownership-cpu.log: OK
stress/orchestra-5/ownership-io.log: OK
stress/orchestra-5/ownership-mixed.log: OK
stress/orchestra-5/results.csv: OK
stress/orchestra-5/storage_after.txt: OK
stress/orchestra-5/storage_before.txt: OK
stress/orchestra-5/stress.log: OK
stress/orchestra-5/thermal_after.txt: OK
stress/orchestra-5/thermal_before.txt: OK
stress/orchestra-5/thermal_samples.csv: OK
stress/orchestra_30_bpffs_after.txt: OK
stress/orchestra_30_bpffs_before.txt: OK
stress/orchestra_30_dmesg_after.txt: OK
stress/orchestra_30_dmesg_before.txt: OK
stress/orchestra_30_lifecycle.txt: OK
stress/orchestra_30_load.stderr: OK
stress/orchestra_30_load.stdout: OK
stress/orchestra_30_unload.stderr: OK
stress/orchestra_30_unload.stdout: OK
stress/orchestra_5_bpffs_after.txt: OK
stress/orchestra_5_bpffs_before.txt: OK
stress/orchestra_5_dmesg_after.txt: OK
stress/orchestra_5_dmesg_before.txt: OK
stress/orchestra_5_lifecycle.txt: OK
stress/orchestra_5_load.stderr: OK
stress/orchestra_5_load.stdout: OK
stress/orchestra_5_unload.stderr: OK
stress/orchestra_5_unload.stdout: OK
stress/stress_cfs_30.stderr: OK
stress/stress_cfs_30.stdout: OK
stress/stress_cfs_5.stderr: OK
stress/stress_cfs_5.stdout: OK
stress/stress_orchestra_30.stderr: OK
stress/stress_orchestra_30.stdout: OK
stress/stress_orchestra_5.stderr: OK
stress/stress_orchestra_5.stdout: OK
tests/make_check.stderr: OK
tests/make_check.stdout: OK
tests/primary_regression.stderr: OK
tests/primary_regression.stdout: OK
tests/primary_regression_final.stderr: OK
tests/primary_regression_final.stdout: OK
