21:54:32 === ORCHESTRA Stress Suite ===
21:54:32 Mode: orchestra | Duration: 30s | allowed CPUs: 0-1 | RAM: 31724MB | available: 15933MB
21:54:32 Memory safety budget: 2 workers x 3983MB = 7966MB
21:54:32 Phase watchdog: 60s
21:54:32 Scheduler state before workloads: enabled
21:54:32 Output: /tmp/orchestra-fix-20260828-132302-stress-orchestra-30-1787934269
21:54:32 Thermal monitor active; it stops the campaign at a reported critical trip point
21:54:32 --- CPU Stress (2 workers) ---
21:55:02   CPU: 30s, 0 errors, ownership=yes
21:55:02 --- Memory Stress (3983MB) ---
21:55:02 BLOCKED_OWNERSHIP_NOT_PROVEN: stress --vm creates child workers without an exact-TID opt-in protocol
21:55:02   Memory: done
21:55:02 --- I/O Stress ---
21:55:32   I/O: 30s, 0 errors, ownership=yes
21:55:32 --- Mixed Workload ---
21:56:02   Mixed: 30s, 0 errors, ownership=yes
21:56:02 --- Health Check ---
21:56:02 Scheduler state after workloads: enabled
21:56:02 === COMPLETE ===
21:56:02 Results: /tmp/orchestra-fix-20260828-132302-stress-orchestra-30-1787934269/results.csv
test,duration_s,cpu_workers,memory_mb,io_files,errors,warnings,completed,ownership,notes
cpu_stress,30,2,0,0,0,0,PASS,yes,exact-tid-ownership-confirmed
mem_stress,0,0,7966,0,0,0,BLOCKED_OWNERSHIP_NOT_PROVEN,not_proven,child-worker-identities-unavailable
io_stress,30,0,0,1,0,0,PASS,yes,exact-tid-ownership-confirmed
mixed,30,1,0,1,0,0,PASS,yes,exact-tid-ownership-confirmed
health_check,0,0,0,0,0,0,PASS,not_applicable,sorted-dmesg-delta
