21:51:03 === Real-Machine Benchmark Suite ===
21:51:03 Repo: /home/aether/Documents/ORCHESTRA-OS-final | allowed CPUs: 0-7 | workload=cpu | Output: /tmp/orchestra-fix-20260828-132302-bench-r2 | duration=1 seconds
21:51:03 Worker watchdog: 15s
21:51:03 --- CFS baseline ---
21:51:03   cfs: 1 workers, 1 seconds/fixed workload...
21:51:03     207ms ctx_delta=2069 accepted=0 dispatched=0 running=0 owned=n/a
21:51:03   cfs: 2 workers, 1 seconds/fixed workload...
21:51:04     207ms ctx_delta=1907 accepted=0 dispatched=0 running=0 owned=n/a
21:51:04   cfs: 4 workers, 1 seconds/fixed workload...
21:51:04     208ms ctx_delta=3001 accepted=0 dispatched=0 running=0 owned=n/a
21:51:04   cfs: 8 workers, 1 seconds/fixed workload...
21:51:04     378ms ctx_delta=3202 accepted=0 dispatched=0 running=0 owned=n/a
21:51:04 scx_simple not installed or not executable: /usr/bin/scx_simple; phase blocked
21:51:04 --- ORCHESTRA ---
21:51:07   orchestra: 1 workers, 1 seconds/fixed workload...
21:51:08     311ms ctx_delta=4419 accepted=1 dispatched=1 running=1 owned=yes
21:51:08   orchestra: 2 workers, 1 seconds/fixed workload...
21:51:08     363ms ctx_delta=7062 accepted=6 dispatched=6 running=6 owned=yes
21:51:08   orchestra: 4 workers, 1 seconds/fixed workload...
21:51:09     443ms ctx_delta=12611 accepted=29 dispatched=29 running=29 owned=yes
21:51:09   orchestra: 8 workers, 1 seconds/fixed workload...
21:51:10     547ms ctx_delta=21150 accepted=180 dispatched=180 running=180 owned=yes
21:51:10 === COMPLETE ===
