22:01:34 === Real-Machine Benchmark Suite ===
22:01:34 Repo: /home/aether/Documents/ORCHESTRA-OS-final | allowed CPUs: 0-7 | workload=cpu | Output: /tmp/orchestra-fix-20260828-132302-bench-r4 | duration=1 seconds
22:01:34 Worker watchdog: 15s
22:01:34 --- CFS baseline ---
22:01:34   cfs: 1 workers, 1 seconds/fixed workload...
22:01:34     209ms ctx_delta=2116 accepted=0 dispatched=0 running=0 owned=n/a
22:01:34   cfs: 2 workers, 1 seconds/fixed workload...
22:01:35     210ms ctx_delta=2432 accepted=0 dispatched=0 running=0 owned=n/a
22:01:35   cfs: 4 workers, 1 seconds/fixed workload...
22:01:35     261ms ctx_delta=2578 accepted=0 dispatched=0 running=0 owned=n/a
22:01:35   cfs: 8 workers, 1 seconds/fixed workload...
22:01:35     275ms ctx_delta=1947 accepted=0 dispatched=0 running=0 owned=n/a
22:01:35 scx_simple not installed or not executable: /usr/bin/scx_simple; phase blocked
22:01:35 --- ORCHESTRA ---
22:01:38   orchestra: 1 workers, 1 seconds/fixed workload...
22:01:39     312ms ctx_delta=5083 accepted=1 dispatched=1 running=1 owned=yes
22:01:39   orchestra: 2 workers, 1 seconds/fixed workload...
22:01:39     416ms ctx_delta=7294 accepted=8 dispatched=8 running=8 owned=yes
22:01:39   orchestra: 4 workers, 1 seconds/fixed workload...
22:01:40     471ms ctx_delta=14225 accepted=33 dispatched=33 running=33 owned=yes
22:01:40   orchestra: 8 workers, 1 seconds/fixed workload...
22:01:41     500ms ctx_delta=22822 accepted=161 dispatched=161 running=161 owned=yes
22:01:41 === COMPLETE ===
